Archive member included to satisfy reference by file (symbol)

c:/st/stm32cubeide_1.2.0/stm32cubeide/plugins/com.st.stm32cube.ide.mcu.externaltools.gnu-tools-for-stm32.7-2018-q2-update.win32_1.0.0.201904181610/tools/bin/../lib/gcc/arm-none-eabi/7.3.1/../../../../arm-none-eabi/lib/thumb/v7e-m/fpv4-sp/hard\libc_nano.a(lib_a-errno.o)
                              Core/Src/syscalls.o (__errno)
c:/st/stm32cubeide_1.2.0/stm32cubeide/plugins/com.st.stm32cube.ide.mcu.externaltools.gnu-tools-for-stm32.7-2018-q2-update.win32_1.0.0.201904181610/tools/bin/../lib/gcc/arm-none-eabi/7.3.1/../../../../arm-none-eabi/lib/thumb/v7e-m/fpv4-sp/hard\libc_nano.a(lib_a-exit.o)
                              c:/st/stm32cubeide_1.2.0/stm32cubeide/plugins/com.st.stm32cube.ide.mcu.externaltools.gnu-tools-for-stm32.7-2018-q2-update.win32_1.0.0.201904181610/tools/bin/../lib/gcc/arm-none-eabi/7.3.1/../../../../arm-none-eabi/lib/thumb/v7e-m/fpv4-sp/hard/crt0.o (exit)
c:/st/stm32cubeide_1.2.0/stm32cubeide/plugins/com.st.stm32cube.ide.mcu.externaltools.gnu-tools-for-stm32.7-2018-q2-update.win32_1.0.0.201904181610/tools/bin/../lib/gcc/arm-none-eabi/7.3.1/../../../../arm-none-eabi/lib/thumb/v7e-m/fpv4-sp/hard\libc_nano.a(lib_a-impure.o)
                              c:/st/stm32cubeide_1.2.0/stm32cubeide/plugins/com.st.stm32cube.ide.mcu.externaltools.gnu-tools-for-stm32.7-2018-q2-update.win32_1.0.0.201904181610/tools/bin/../lib/gcc/arm-none-eabi/7.3.1/../../../../arm-none-eabi/lib/thumb/v7e-m/fpv4-sp/hard\libc_nano.a(lib_a-exit.o) (_global_impure_ptr)
c:/st/stm32cubeide_1.2.0/stm32cubeide/plugins/com.st.stm32cube.ide.mcu.externaltools.gnu-tools-for-stm32.7-2018-q2-update.win32_1.0.0.201904181610/tools/bin/../lib/gcc/arm-none-eabi/7.3.1/../../../../arm-none-eabi/lib/thumb/v7e-m/fpv4-sp/hard\libc_nano.a(lib_a-init.o)
                              c:/st/stm32cubeide_1.2.0/stm32cubeide/plugins/com.st.stm32cube.ide.mcu.externaltools.gnu-tools-for-stm32.7-2018-q2-update.win32_1.0.0.201904181610/tools/bin/../lib/gcc/arm-none-eabi/7.3.1/../../../../arm-none-eabi/lib/thumb/v7e-m/fpv4-sp/hard/crt0.o (__libc_init_array)
c:/st/stm32cubeide_1.2.0/stm32cubeide/plugins/com.st.stm32cube.ide.mcu.externaltools.gnu-tools-for-stm32.7-2018-q2-update.win32_1.0.0.201904181610/tools/bin/../lib/gcc/arm-none-eabi/7.3.1/../../../../arm-none-eabi/lib/thumb/v7e-m/fpv4-sp/hard\libc_nano.a(lib_a-malloc.o)
                              Middlewares/ST/STM32_USB_Device_Library/Class/CDC/Src/usbd_cdc.o (malloc)
c:/st/stm32cubeide_1.2.0/stm32cubeide/plugins/com.st.stm32cube.ide.mcu.externaltools.gnu-tools-for-stm32.7-2018-q2-update.win32_1.0.0.201904181610/tools/bin/../lib/gcc/arm-none-eabi/7.3.1/../../../../arm-none-eabi/lib/thumb/v7e-m/fpv4-sp/hard\libc_nano.a(lib_a-memset.o)
                              c:/st/stm32cubeide_1.2.0/stm32cubeide/plugins/com.st.stm32cube.ide.mcu.externaltools.gnu-tools-for-stm32.7-2018-q2-update.win32_1.0.0.201904181610/tools/bin/../lib/gcc/arm-none-eabi/7.3.1/../../../../arm-none-eabi/lib/thumb/v7e-m/fpv4-sp/hard/crt0.o (memset)
c:/st/stm32cubeide_1.2.0/stm32cubeide/plugins/com.st.stm32cube.ide.mcu.externaltools.gnu-tools-for-stm32.7-2018-q2-update.win32_1.0.0.201904181610/tools/bin/../lib/gcc/arm-none-eabi/7.3.1/../../../../arm-none-eabi/lib/thumb/v7e-m/fpv4-sp/hard\libc_nano.a(lib_a-nano-freer.o)
                              c:/st/stm32cubeide_1.2.0/stm32cubeide/plugins/com.st.stm32cube.ide.mcu.externaltools.gnu-tools-for-stm32.7-2018-q2-update.win32_1.0.0.201904181610/tools/bin/../lib/gcc/arm-none-eabi/7.3.1/../../../../arm-none-eabi/lib/thumb/v7e-m/fpv4-sp/hard\libc_nano.a(lib_a-malloc.o) (_free_r)
c:/st/stm32cubeide_1.2.0/stm32cubeide/plugins/com.st.stm32cube.ide.mcu.externaltools.gnu-tools-for-stm32.7-2018-q2-update.win32_1.0.0.201904181610/tools/bin/../lib/gcc/arm-none-eabi/7.3.1/../../../../arm-none-eabi/lib/thumb/v7e-m/fpv4-sp/hard\libc_nano.a(lib_a-nano-mallocr.o)
                              c:/st/stm32cubeide_1.2.0/stm32cubeide/plugins/com.st.stm32cube.ide.mcu.externaltools.gnu-tools-for-stm32.7-2018-q2-update.win32_1.0.0.201904181610/tools/bin/../lib/gcc/arm-none-eabi/7.3.1/../../../../arm-none-eabi/lib/thumb/v7e-m/fpv4-sp/hard\libc_nano.a(lib_a-malloc.o) (_malloc_r)
c:/st/stm32cubeide_1.2.0/stm32cubeide/plugins/com.st.stm32cube.ide.mcu.externaltools.gnu-tools-for-stm32.7-2018-q2-update.win32_1.0.0.201904181610/tools/bin/../lib/gcc/arm-none-eabi/7.3.1/../../../../arm-none-eabi/lib/thumb/v7e-m/fpv4-sp/hard\libc_nano.a(lib_a-sbrkr.o)
                              c:/st/stm32cubeide_1.2.0/stm32cubeide/plugins/com.st.stm32cube.ide.mcu.externaltools.gnu-tools-for-stm32.7-2018-q2-update.win32_1.0.0.201904181610/tools/bin/../lib/gcc/arm-none-eabi/7.3.1/../../../../arm-none-eabi/lib/thumb/v7e-m/fpv4-sp/hard\libc_nano.a(lib_a-nano-mallocr.o) (_sbrk_r)
[...]
Memory Configuration

Name             Origin             Length             Attributes
CCMRAM           0x0000000010000000 0x0000000000010000 xrw
RAM              0x0000000020000000 0x0000000000020000 xrw
FLASH            0x0000000008000000 0x0000000000100000 xr
*default*        0x0000000000000000 0xffffffffffffffff

Linker script and memory map

LOAD c:/st/stm32cubeide_1.2.0/stm32cubeide/plugins/com.st.stm32cube.ide.mcu.externaltools.gnu-tools-for-stm32.7-2018-q2-update.win32_1.0.0.201904181610/tools/bin/../lib/gcc/arm-none-eabi/7.3.1/thumb/v7e-m/fpv4-sp/hard/crti.o
LOAD c:/st/stm32cubeide_1.2.0/stm32cubeide/plugins/com.st.stm32cube.ide.mcu.externaltools.gnu-tools-for-stm32.7-2018-q2-update.win32_1.0.0.201904181610/tools/bin/../lib/gcc/arm-none-eabi/7.3.1/thumb/v7e-m/fpv4-sp/hard/crtbegin.o
LOAD c:/st/stm32cubeide_1.2.0/stm32cubeide/plugins/com.st.stm32cube.ide.mcu.externaltools.gnu-tools-for-stm32.7-2018-q2-update.win32_1.0.0.201904181610/tools/bin/../lib/gcc/arm-none-eabi/7.3.1/../../../../arm-none-eabi/lib/thumb/v7e-m/fpv4-sp/hard/crt0.o
LOAD Core/Src/chrono.o
LOAD Core/Src/i2c_display.o
LOAD Core/Src/main.o
LOAD Core/Src/stm32f4xx_hal_msp.o
LOAD Core/Src/stm32f4xx_it.o
LOAD Core/Src/syscalls.o
LOAD Core/Src/sysmem.o
LOAD Core/Src/system_stm32f4xx.o
LOAD Core/Startup/startup_stm32f405rgtx.o
LOAD Drivers/STM32F4xx_HAL_Driver/Src/stm32f4xx_hal.o
LOAD Drivers/STM32F4xx_HAL_Driver/Src/stm32f4xx_hal_cortex.o
LOAD Drivers/STM32F4xx_HAL_Driver/Src/stm32f4xx_hal_dma.o
LOAD Drivers/STM32F4xx_HAL_Driver/Src/stm32f4xx_hal_dma_ex.o
LOAD Drivers/STM32F4xx_HAL_Driver/Src/stm32f4xx_hal_exti.o
LOAD Drivers/STM32F4xx_HAL_Driver/Src/stm32f4xx_hal_flash.o
LOAD Drivers/STM32F4xx_HAL_Driver/Src/stm32f4xx_hal_flash_ex.o
LOAD Drivers/STM32F4xx_HAL_Driver/Src/stm32f4xx_hal_flash_ramfunc.o
LOAD Drivers/STM32F4xx_HAL_Driver/Src/stm32f4xx_hal_gpio.o
LOAD Drivers/STM32F4xx_HAL_Driver/Src/stm32f4xx_hal_i2c.o
LOAD Drivers/STM32F4xx_HAL_Driver/Src/stm32f4xx_hal_i2c_ex.o
LOAD Drivers/STM32F4xx_HAL_Driver/Src/stm32f4xx_hal_pcd.o
LOAD Drivers/STM32F4xx_HAL_Driver/Src/stm32f4xx_hal_pcd_ex.o
LOAD Drivers/STM32F4xx_HAL_Driver/Src/stm32f4xx_hal_pwr.o
LOAD Drivers/STM32F4xx_HAL_Driver/Src/stm32f4xx_hal_pwr_ex.o
LOAD Drivers/STM32F4xx_HAL_Driver/Src/stm32f4xx_hal_rcc.o
LOAD Drivers/STM32F4xx_HAL_Driver/Src/stm32f4xx_hal_rcc_ex.o
LOAD Drivers/STM32F4xx_HAL_Driver/Src/stm32f4xx_hal_spi.o
LOAD Drivers/STM32F4xx_HAL_Driver/Src/stm32f4xx_hal_tim.o
LOAD Drivers/STM32F4xx_HAL_Driver/Src/stm32f4xx_hal_tim_ex.o
LOAD Drivers/STM32F4xx_HAL_Driver/Src/stm32f4xx_ll_usb.o
LOAD FATFS/App/fatfs.o
LOAD FATFS/Target/user_diskio.o
LOAD Middlewares/ST/STM32_USB_Device_Library/Class/CDC/Src/usbd_cdc.o
LOAD Middlewares/ST/STM32_USB_Device_Library/Core/Src/usbd_core.o
LOAD Middlewares/ST/STM32_USB_Device_Library/Core/Src/usbd_ctlreq.o
LOAD Middlewares/ST/STM32_USB_Device_Library/Core/Src/usbd_ioreq.o
LOAD Middlewares/Third_Party/FatFs/src/diskio.o
LOAD Middlewares/Third_Party/FatFs/src/ff.o
LOAD Middlewares/Third_Party/FatFs/src/ff_gen_drv.o
LOAD Middlewares/Third_Party/FatFs/src/option/ccsbcs.o
LOAD Middlewares/Third_Party/FatFs/src/option/syscall.o
LOAD USB_DEVICE/App/usb_device.o
LOAD USB_DEVICE/App/usbd_cdc_if.o
LOAD USB_DEVICE/App/usbd_desc.o
LOAD USB_DEVICE/Target/usbd_conf.o
START GROUP
LOAD c:/st/stm32cubeide_1.2.0/stm32cubeide/plugins/com.st.stm32cube.ide.mcu.externaltools.gnu-tools-for-stm32.7-2018-q2-update.win32_1.0.0.201904181610/tools/bin/../lib/gcc/arm-none-eabi/7.3.1/../../../../arm-none-eabi/lib/thumb/v7e-m/fpv4-sp/hard\libc_nano.a
LOAD c:/st/stm32cubeide_1.2.0/stm32cubeide/plugins/com.st.stm32cube.ide.mcu.externaltools.gnu-tools-for-stm32.7-2018-q2-update.win32_1.0.0.201904181610/tools/bin/../lib/gcc/arm-none-eabi/7.3.1/../../../../arm-none-eabi/lib/thumb/v7e-m/fpv4-sp/hard\libm.a
END GROUP
START GROUP
LOAD c:/st/stm32cubeide_1.2.0/stm32cubeide/plugins/com.st.stm32cube.ide.mcu.externaltools.gnu-tools-for-stm32.7-2018-q2-update.win32_1.0.0.201904181610/tools/bin/../lib/gcc/arm-none-eabi/7.3.1/thumb/v7e-m/fpv4-sp/hard\libgcc.a
LOAD c:/st/stm32cubeide_1.2.0/stm32cubeide/plugins/com.st.stm32cube.ide.mcu.externaltools.gnu-tools-for-stm32.7-2018-q2-update.win32_1.0.0.201904181610/tools/bin/../lib/gcc/arm-none-eabi/7.3.1/../../../../arm-none-eabi/lib/thumb/v7e-m/fpv4-sp/hard\libc_nano.a
END GROUP
START GROUP
LOAD c:/st/stm32cubeide_1.2.0/stm32cubeide/plugins/com.st.stm32cube.ide.mcu.externaltools.gnu-tools-for-stm32.7-2018-q2-update.win32_1.0.0.201904181610/tools/bin/../lib/gcc/arm-none-eabi/7.3.1/thumb/v7e-m/fpv4-sp/hard\libgcc.a
LOAD c:/st/stm32cubeide_1.2.0/stm32cubeide/plugins/com.st.stm32cube.ide.mcu.externaltools.gnu-tools-for-stm32.7-2018-q2-update.win32_1.0.0.201904181610/tools/bin/../lib/gcc/arm-none-eabi/7.3.1/../../../../arm-none-eabi/lib/thumb/v7e-m/fpv4-sp/hard\libc_nano.a
LOAD c:/st/stm32cubeide_1.2.0/stm32cubeide/plugins/com.st.stm32cube.ide.mcu.externaltools.gnu-tools-for-stm32.7-2018-q2-update.win32_1.0.0.201904181610/tools/bin/../lib/gcc/arm-none-eabi/7.3.1/../../../../arm-none-eabi/lib/thumb/v7e-m/fpv4-sp/hard\libnosys.a
END GROUP
START GROUP
LOAD c:/st/stm32cubeide_1.2.0/stm32cubeide/plugins/com.st.stm32cube.ide.mcu.externaltools.gnu-tools-for-stm32.7-2018-q2-update.win32_1.0.0.201904181610/tools/bin/../lib/gcc/arm-none-eabi/7.3.1/thumb/v7e-m/fpv4-sp/hard\libgcc.a
LOAD c:/st/stm32cubeide_1.2.0/stm32cubeide/plugins/com.st.stm32cube.ide.mcu.externaltools.gnu-tools-for-stm32.7-2018-q2-update.win32_1.0.0.201904181610/tools/bin/../lib/gcc/arm-none-eabi/7.3.1/../../../../arm-none-eabi/lib/thumb/v7e-m/fpv4-sp/hard\libc_nano.a
LOAD c:/st/stm32cubeide_1.2.0/stm32cubeide/plugins/com.st.stm32cube.ide.mcu.externaltools.gnu-tools-for-stm32.7-2018-q2-update.win32_1.0.0.201904181610/tools/bin/../lib/gcc/arm-none-eabi/7.3.1/../../../../arm-none-eabi/lib/thumb/v7e-m/fpv4-sp/hard\libnosys.a
END GROUP
LOAD c:/st/stm32cubeide_1.2.0/stm32cubeide/plugins/com.st.stm32cube.ide.mcu.externaltools.gnu-tools-for-stm32.7-2018-q2-update.win32_1.0.0.201904181610/tools/bin/../lib/gcc/arm-none-eabi/7.3.1/thumb/v7e-m/fpv4-sp/hard/crtend.o
LOAD c:/st/stm32cubeide_1.2.0/stm32cubeide/plugins/com.st.stm32cube.ide.mcu.externaltools.gnu-tools-for-stm32.7-2018-q2-update.win32_1.0.0.201904181610/tools/bin/../lib/gcc/arm-none-eabi/7.3.1/thumb/v7e-m/fpv4-sp/hard/crtn.o
                0x0000000020020000                _estack = (ORIGIN (RAM) + LENGTH (RAM))
                0x0000000000000200                _Min_Heap_Size = 0x200
                0x0000000000000400                _Min_Stack_Size = 0x400

.isr_vector     0x0000000008000000      0x188
                0x0000000008000000                . = ALIGN (0x4)
 *(.isr_vector)
 .isr_vector    0x0000000008000000      0x188 Core/Startup/startup_stm32f405rgtx.o
                0x0000000008000000                g_pfnVectors
                0x0000000008000188                . = ALIGN (0x4)

.text           0x0000000008000188     0x83b4
                0x0000000008000188                . = ALIGN (0x4)
 *(.text)
 .text          0x0000000008000188       0x40 c:/st/stm32cubeide_1.2.0/stm32cubeide/plugins/com.st.stm32cube.ide.mcu.externaltools.gnu-tools-for-stm32.7-2018-q2-update.win32_1.0.0.201904181610/tools/bin/../lib/gcc/arm-none-eabi/7.3.1/thumb/v7e-m/fpv4-sp/hard/crtbegin.o
 .text          0x00000000080001c8       0x10 c:/st/stm32cubeide_1.2.0/stm32cubeide/plugins/com.st.stm32cube.ide.mcu.externaltools.gnu-tools-for-stm32.7-2018-q2-update.win32_1.0.0.201904181610/tools/bin/../lib/gcc/arm-none-eabi/7.3.1/../../../../arm-none-eabi/lib/thumb/v7e-m/fpv4-sp/hard\libc_nano.a(lib_a-strlen.o)
                0x00000000080001c8                strlen
 .text          0x00000000080001d8      0x378 c:/st/stm32cubeide_1.2.0/stm32cubeide/plugins/com.st.stm32cube.ide.mcu.externaltools.gnu-tools-for-stm32.7-2018-q2-update.win32_1.0.0.201904181610/tools/bin/../lib/gcc/arm-none-eabi/7.3.1/thumb/v7e-m/fpv4-sp/hard\libgcc.a(_arm_addsubdf3.o)
                0x00000000080001d8                __aeabi_drsub
                0x00000000080001e0                __aeabi_dsub
                0x00000000080001e0                __subdf3
                0x00000000080001e4                __aeabi_dadd
                0x00000000080001e4                __adddf3
                0x000000000800045c                __floatunsidf
                0x000000000800045c                __aeabi_ui2d
                0x000000000800047c                __floatsidf
                0x000000000800047c                __aeabi_i2d
                0x00000000080004a0                __aeabi_f2d
                0x00000000080004a0                __extendsfdf2
                0x00000000080004e4                __floatundidf
                0x00000000080004e4                __aeabi_ul2d
                0x00000000080004f4                __floatdidf
                0x00000000080004f4                __aeabi_l2d
 .text          0x0000000008000550      0x424 c:/st/stm32cubeide_1.2.0/stm32cubeide/plugins/com.st.stm32cube.ide.mcu.externaltools.gnu-tools-for-stm32.7-2018-q2-update.win32_1.0.0.201904181610/tools/bin/../lib/gcc/arm-none-eabi/7.3.1/thumb/v7e-m/fpv4-sp/hard\libgcc.a(_arm_muldivdf3.o)
                0x0000000008000550                __aeabi_dmul
                0x0000000008000550                __muldf3
                0x00000000080007a4                __divdf3
                0x00000000080007a4                __aeabi_ddiv
 .text          0x0000000008000974       0x40 c:/st/stm32cubeide_1.2.0/stm32cubeide/plugins/com.st.stm32cube.ide.mcu.externaltools.gnu-tools-for-stm32.7-2018-q2-update.win32_1.0.0.201904181610/tools/bin/../lib/gcc/arm-none-eabi/7.3.1/thumb/v7e-m/fpv4-sp/hard\libgcc.a(_arm_fixunsdfsi.o)
                0x0000000008000974                __aeabi_d2uiz
                0x0000000008000974                __fixunsdfsi
 .text          0x00000000080009b4       0x30 c:/st/stm32cubeide_1.2.0/stm32cubeide/plugins/com.st.stm32cube.ide.mcu.externaltools.gnu-tools-for-stm32.7-2018-q2-update.win32_1.0.0.201904181610/tools/bin/../lib/gcc/arm-none-eabi/7.3.1/thumb/v7e-m/fpv4-sp/hard\libgcc.a(_aeabi_uldivmod.o)
                0x00000000080009b4                __aeabi_uldivmod
 .text          0x00000000080009e4      0x2cc c:/st/stm32cubeide_1.2.0/stm32cubeide/plugins/com.st.stm32cube.ide.mcu.externaltools.gnu-tools-for-stm32.7-2018-q2-update.win32_1.0.0.201904181610/tools/bin/../lib/gcc/arm-none-eabi/7.3.1/thumb/v7e-m/fpv4-sp/hard\libgcc.a(_udivmoddi4.o)
                0x00000000080009e4                __udivmoddi4
 .text          0x0000000008000cb0        0x4 c:/st/stm32cubeide_1.2.0/stm32cubeide/plugins/com.st.stm32cube.ide.mcu.externaltools.gnu-tools-for-stm32.7-2018-q2-update.win32_1.0.0.201904181610/tools/bin/../lib/gcc/arm-none-eabi/7.3.1/thumb/v7e-m/fpv4-sp/hard\libgcc.a(_dvmd_tls.o)
                0x0000000008000cb0                __aeabi_idiv0
                0x0000000008000cb0                __aeabi_ldiv0
 *(.text*)
 .text.init_chrono
                0x0000000008000cb4       0x60 Core/Src/chrono.o
                0x0000000008000cb4                init_chrono
 .text.add_history
                0x0000000008000d14       0x50 Core/Src/chrono.o
                0x0000000008000d14                add_history
 .text.process_reading
                0x0000000008000d64       0x5c Core/Src/chrono.o
                0x0000000008000d64                process_reading
 .text.new_reading
                0x0000000008000dc0       0xc4 Core/Src/chrono.o
                0x0000000008000dc0                new_reading
 .text.display_update
                0x0000000008000e84       0x84 Core/Src/chrono.o
                0x0000000008000e84                display_update
 .text.ind      0x0000000008000f08       0x4a Core/Src/chrono.o
                0x0000000008000f08                ind
 *fill*         0x0000000008000f52        0x2 
 .text.error    0x0000000008000f54       0x1c Core/Src/chrono.o
                0x0000000008000f54                error
 .text.time_meas
                0x0000000008000f70       0xc4 Core/Src/chrono.o
                0x0000000008000f70                time_meas
 .text.d_to_str
                0x0000000008001034       0xf4 Core/Src/chrono.o
                0x0000000008001034                d_to_str
 .text.u_to_str
                0x0000000008001128       0x74 Core/Src/chrono.o
                0x0000000008001128                u_to_str
 .text.lcd_send_cmd
                0x000000000800119c       0x60 Core/Src/i2c_display.o
                0x000000000800119c                lcd_send_cmd
 .text.lcd_send_data
                0x00000000080011fc       0x60 Core/Src/i2c_display.o
                0x00000000080011fc                lcd_send_data
 .text.lcd_put_cur
                0x000000000800125c       0x84 Core/Src/i2c_display.o
                0x000000000800125c                lcd_put_cur
 .text.lcd_init
                0x00000000080012e0       0x7a Core/Src/i2c_display.o
                0x00000000080012e0                lcd_init
 .text.lcd_send_string
                0x000000000800135a       0x28 Core/Src/i2c_display.o
                0x000000000800135a                lcd_send_string
 *fill*         0x0000000008001382        0x2 
 .text.main     0x0000000008001384       0x34 Core/Src/main.o
                0x0000000008001384                main
 .text.SystemClock_Config
                0x00000000080013b8       0xd4 Core/Src/main.o
                0x00000000080013b8                SystemClock_Config
 .text.MX_I2C1_Init
                0x000000000800148c       0x5c Core/Src/main.o
 .text.MX_SPI1_Init
                0x00000000080014e8       0x6c Core/Src/main.o
 .text.MX_TIM2_Init
                0x0000000008001554       0xa0 Core/Src/main.o
 .text.MX_GPIO_Init
                0x00000000080015f4      0x134 Core/Src/main.o
 .text.Error_Handler
                0x0000000008001728       0x1c Core/Src/main.o
                0x0000000008001728                Error_Handler
 .text.HAL_MspInit
                0x0000000008001744       0x50 Core/Src/stm32f4xx_hal_msp.o
                0x0000000008001744                HAL_MspInit
 .text.HAL_I2C_MspInit
                0x0000000008001794       0x90 Core/Src/stm32f4xx_hal_msp.o
                0x0000000008001794                HAL_I2C_MspInit
 .text.HAL_SPI_MspInit
                0x0000000008001824       0x90 Core/Src/stm32f4xx_hal_msp.o
                0x0000000008001824                HAL_SPI_MspInit
 .text.HAL_TIM_Base_MspInit
                0x00000000080018b4       0x40 Core/Src/stm32f4xx_hal_msp.o
                0x00000000080018b4                HAL_TIM_Base_MspInit
 .text.NMI_Handler
                0x00000000080018f4        0xe Core/Src/stm32f4xx_it.o
                0x00000000080018f4                NMI_Handler
 .text.HardFault_Handler
                0x0000000008001902        0x6 Core/Src/stm32f4xx_it.o
                0x0000000008001902                HardFault_Handler
 .text.MemManage_Handler
                0x0000000008001908        0x6 Core/Src/stm32f4xx_it.o
                0x0000000008001908                MemManage_Handler
 .text.BusFault_Handler
                0x000000000800190e        0x6 Core/Src/stm32f4xx_it.o
                0x000000000800190e                BusFault_Handler
 .text.UsageFault_Handler
                0x0000000008001914        0x6 Core/Src/stm32f4xx_it.o
                0x0000000008001914                UsageFault_Handler
 .text.SVC_Handler
                0x000000000800191a        0xe Core/Src/stm32f4xx_it.o
                0x000000000800191a                SVC_Handler
 .text.DebugMon_Handler
                0x0000000008001928        0xe Core/Src/stm32f4xx_it.o
                0x0000000008001928                DebugMon_Handler
 .text.PendSV_Handler
                0x0000000008001936        0xe Core/Src/stm32f4xx_it.o
                0x0000000008001936                PendSV_Handler
 .text.SysTick_Handler
                0x0000000008001944        0xc Core/Src/stm32f4xx_it.o
                0x0000000008001944                SysTick_Handler
 .text.EXTI0_IRQHandler
                0x0000000008001950       0x48 Core/Src/stm32f4xx_it.o
                0x0000000008001950                EXTI0_IRQHandler
 .text.EXTI1_IRQHandler
                0x0000000008001998       0x48 Core/Src/stm32f4xx_it.o
                0x0000000008001998                EXTI1_IRQHandler
 .text.EXTI2_IRQHandler
                0x00000000080019e0       0x48 Core/Src/stm32f4xx_it.o
                0x00000000080019e0                EXTI2_IRQHandler
 .text.OTG_FS_IRQHandler
                0x0000000008001a28       0x14 Core/Src/stm32f4xx_it.o
                0x0000000008001a28                OTG_FS_IRQHandler
 .text._sbrk    0x0000000008001a3c       0x58 Core/Src/sysmem.o
                0x0000000008001a3c                _sbrk
 .text.SystemInit
                0x0000000008001a94       0x2c Core/Src/system_stm32f4xx.o
                0x0000000008001a94                SystemInit
 .text.Reset_Handler
                0x0000000008001ac0       0x50 Core/Startup/startup_stm32f405rgtx.o
                0x0000000008001ac0                Reset_Handler
 .text.Default_Handler
                0x0000000008001b10        0x2 Core/Startup/startup_stm32f405rgtx.o
                0x0000000008001b10                RTC_Alarm_IRQHandler
                0x0000000008001b10                HASH_RNG_IRQHandler
                0x0000000008001b10                TIM8_CC_IRQHandler
                0x0000000008001b10                TIM1_CC_IRQHandler
                0x0000000008001b10                DMA2_Stream5_IRQHandler
                0x0000000008001b10                DMA1_Stream5_IRQHandler
                0x0000000008001b10                PVD_IRQHandler
                0x0000000008001b10                SDIO_IRQHandler
                0x0000000008001b10                TAMP_STAMP_IRQHandler
                0x0000000008001b10                CAN2_RX1_IRQHandler
                0x0000000008001b10                EXTI3_IRQHandler
                0x0000000008001b10                TIM8_TRG_COM_TIM14_IRQHandler
                0x0000000008001b10                TIM1_UP_TIM10_IRQHandler
                0x0000000008001b10                TIM8_UP_TIM13_IRQHandler
                0x0000000008001b10                I2C3_ER_IRQHandler
                0x0000000008001b10                I2C2_EV_IRQHandler
                0x0000000008001b10                DMA1_Stream2_IRQHandler
                0x0000000008001b10                CAN1_RX0_IRQHandler
                0x0000000008001b10                FPU_IRQHandler
                0x0000000008001b10                OTG_HS_WKUP_IRQHandler
                0x0000000008001b10                CAN2_SCE_IRQHandler
                0x0000000008001b10                DMA2_Stream2_IRQHandler
                0x0000000008001b10                SPI1_IRQHandler
                0x0000000008001b10                TIM6_DAC_IRQHandler
                0x0000000008001b10                TIM1_BRK_TIM9_IRQHandler
                0x0000000008001b10                CAN2_RX0_IRQHandler
                0x0000000008001b10                DMA2_Stream3_IRQHandler
                0x0000000008001b10                USART6_IRQHandler
                0x0000000008001b10                USART3_IRQHandler
                0x0000000008001b10                CAN1_RX1_IRQHandler
                0x0000000008001b10                UART5_IRQHandler
                0x0000000008001b10                DMA2_Stream0_IRQHandler
                0x0000000008001b10                TIM4_IRQHandler
                0x0000000008001b10                I2C1_EV_IRQHandler
                0x0000000008001b10                DMA1_Stream6_IRQHandler
                0x0000000008001b10                DMA1_Stream1_IRQHandler
                0x0000000008001b10                UART4_IRQHandler
                0x0000000008001b10                TIM3_IRQHandler
                0x0000000008001b10                RCC_IRQHandler
                0x0000000008001b10                TIM8_BRK_TIM12_IRQHandler
                0x0000000008001b10                Default_Handler
                0x0000000008001b10                EXTI15_10_IRQHandler
                0x0000000008001b10                ADC_IRQHandler
                0x0000000008001b10                DMA1_Stream7_IRQHandler
                0x0000000008001b10                TIM7_IRQHandler
                0x0000000008001b10                CAN2_TX_IRQHandler
                0x0000000008001b10                TIM5_IRQHandler
                0x0000000008001b10                DMA2_Stream7_IRQHandler
                0x0000000008001b10                I2C3_EV_IRQHandler
                0x0000000008001b10                EXTI9_5_IRQHandler
                0x0000000008001b10                RTC_WKUP_IRQHandler
                0x0000000008001b10                SPI2_IRQHandler
                0x0000000008001b10                OTG_HS_EP1_IN_IRQHandler
                0x0000000008001b10                DMA1_Stream0_IRQHandler
                0x0000000008001b10                CAN1_TX_IRQHandler
                0x0000000008001b10                EXTI4_IRQHandler
                0x0000000008001b10                FSMC_IRQHandler
                0x0000000008001b10                OTG_HS_EP1_OUT_IRQHandler
                0x0000000008001b10                WWDG_IRQHandler
                0x0000000008001b10                TIM2_IRQHandler
                0x0000000008001b10                OTG_FS_WKUP_IRQHandler
                0x0000000008001b10                TIM1_TRG_COM_TIM11_IRQHandler
                0x0000000008001b10                OTG_HS_IRQHandler
                0x0000000008001b10                USART2_IRQHandler
                0x0000000008001b10                I2C2_ER_IRQHandler
                0x0000000008001b10                DMA2_Stream1_IRQHandler
                0x0000000008001b10                CAN1_SCE_IRQHandler
                0x0000000008001b10                FLASH_IRQHandler
                0x0000000008001b10                DMA2_Stream4_IRQHandler
                0x0000000008001b10                USART1_IRQHandler
                0x0000000008001b10                SPI3_IRQHandler
                0x0000000008001b10                DMA1_Stream4_IRQHandler
                0x0000000008001b10                I2C1_ER_IRQHandler
                0x0000000008001b10                DMA2_Stream6_IRQHandler
                0x0000000008001b10                DMA1_Stream3_IRQHandler
 *fill*         0x0000000008001b12        0x2 
 .text.HAL_Init
                0x0000000008001b14       0x44 Drivers/STM32F4xx_HAL_Driver/Src/stm32f4xx_hal.o
                0x0000000008001b14                HAL_Init
 .text.HAL_InitTick
                0x0000000008001b58       0x60 Drivers/STM32F4xx_HAL_Driver/Src/stm32f4xx_hal.o
                0x0000000008001b58                HAL_InitTick
 .text.HAL_IncTick
                0x0000000008001bb8       0x28 Drivers/STM32F4xx_HAL_Driver/Src/stm32f4xx_hal.o
                0x0000000008001bb8                HAL_IncTick
 .text.HAL_GetTick
                0x0000000008001be0       0x18 Drivers/STM32F4xx_HAL_Driver/Src/stm32f4xx_hal.o
                0x0000000008001be0                HAL_GetTick
 .text.HAL_Delay
                0x0000000008001bf8       0x44 Drivers/STM32F4xx_HAL_Driver/Src/stm32f4xx_hal.o
                0x0000000008001bf8                HAL_Delay
 .text.__NVIC_SetPriorityGrouping
                0x0000000008001c3c       0x48 Drivers/STM32F4xx_HAL_Driver/Src/stm32f4xx_hal_cortex.o
 .text.__NVIC_GetPriorityGrouping
                0x0000000008001c84       0x1c Drivers/STM32F4xx_HAL_Driver/Src/stm32f4xx_hal_cortex.o
 .text.__NVIC_EnableIRQ
                0x0000000008001ca0       0x3c Drivers/STM32F4xx_HAL_Driver/Src/stm32f4xx_hal_cortex.o
 .text.__NVIC_SetPriority
                0x0000000008001cdc       0x54 Drivers/STM32F4xx_HAL_Driver/Src/stm32f4xx_hal_cortex.o
 .text.NVIC_EncodePriority
                0x0000000008001d30       0x66 Drivers/STM32F4xx_HAL_Driver/Src/stm32f4xx_hal_cortex.o
 *fill*         0x0000000008001d96        0x2 
 .text.SysTick_Config
                0x0000000008001d98       0x44 Drivers/STM32F4xx_HAL_Driver/Src/stm32f4xx_hal_cortex.o
 .text.HAL_NVIC_SetPriorityGrouping
                0x0000000008001ddc       0x16 Drivers/STM32F4xx_HAL_Driver/Src/stm32f4xx_hal_cortex.o
                0x0000000008001ddc                HAL_NVIC_SetPriorityGrouping
 .text.HAL_NVIC_SetPriority
                0x0000000008001df2       0x38 Drivers/STM32F4xx_HAL_Driver/Src/stm32f4xx_hal_cortex.o
                0x0000000008001df2                HAL_NVIC_SetPriority
 .text.HAL_NVIC_EnableIRQ
                0x0000000008001e2a       0x1c Drivers/STM32F4xx_HAL_Driver/Src/stm32f4xx_hal_cortex.o
                0x0000000008001e2a                HAL_NVIC_EnableIRQ
 .text.HAL_SYSTICK_Config
                0x0000000008001e46       0x18 Drivers/STM32F4xx_HAL_Driver/Src/stm32f4xx_hal_cortex.o
                0x0000000008001e46                HAL_SYSTICK_Config
 *fill*         0x0000000008001e5e        0x2 
 .text.HAL_GPIO_Init
                0x0000000008001e60      0x334 Drivers/STM32F4xx_HAL_Driver/Src/stm32f4xx_hal_gpio.o
                0x0000000008001e60                HAL_GPIO_Init
 .text.HAL_GPIO_WritePin
                0x0000000008002194       0x32 Drivers/STM32F4xx_HAL_Driver/Src/stm32f4xx_hal_gpio.o
                0x0000000008002194                HAL_GPIO_WritePin
 *fill*         0x00000000080021c6        0x2 
 .text.HAL_GPIO_EXTI_IRQHandler
                0x00000000080021c8       0x30 Drivers/STM32F4xx_HAL_Driver/Src/stm32f4xx_hal_gpio.o
                0x00000000080021c8                HAL_GPIO_EXTI_IRQHandler
 .text.HAL_GPIO_EXTI_Callback
                0x00000000080021f8       0x16 Drivers/STM32F4xx_HAL_Driver/Src/stm32f4xx_hal_gpio.o
                0x00000000080021f8                HAL_GPIO_EXTI_Callback
 *fill*         0x000000000800220e        0x2 
 .text.HAL_I2C_Init
                0x0000000008002210      0x270 Drivers/STM32F4xx_HAL_Driver/Src/stm32f4xx_hal_i2c.o
                0x0000000008002210                HAL_I2C_Init
 .text.HAL_I2C_Master_Transmit
                0x0000000008002480      0x1fc Drivers/STM32F4xx_HAL_Driver/Src/stm32f4xx_hal_i2c.o
                0x0000000008002480                HAL_I2C_Master_Transmit
 .text.I2C_MasterRequestWrite
                0x000000000800267c      0x104 Drivers/STM32F4xx_HAL_Driver/Src/stm32f4xx_hal_i2c.o
 .text.I2C_WaitOnFlagUntilTimeout
                0x0000000008002780       0xae Drivers/STM32F4xx_HAL_Driver/Src/stm32f4xx_hal_i2c.o
 .text.I2C_WaitOnMasterAddressFlagUntilTimeout
                0x000000000800282e       0xfe Drivers/STM32F4xx_HAL_Driver/Src/stm32f4xx_hal_i2c.o
 .text.I2C_WaitOnTXEFlagUntilTimeout
                0x000000000800292c       0x82 Drivers/STM32F4xx_HAL_Driver/Src/stm32f4xx_hal_i2c.o
 .text.I2C_WaitOnBTFFlagUntilTimeout
                0x00000000080029ae       0x82 Drivers/STM32F4xx_HAL_Driver/Src/stm32f4xx_hal_i2c.o
 .text.I2C_IsAcknowledgeFailed
                0x0000000008002a30       0x5e Drivers/STM32F4xx_HAL_Driver/Src/stm32f4xx_hal_i2c.o
 .text.HAL_PCD_Init
                0x0000000008002a8e      0x23a Drivers/STM32F4xx_HAL_Driver/Src/stm32f4xx_hal_pcd.o
                0x0000000008002a8e                HAL_PCD_Init
 .text.HAL_PCD_Start
                0x0000000008002cc8       0x66 Drivers/STM32F4xx_HAL_Driver/Src/stm32f4xx_hal_pcd.o
                0x0000000008002cc8                HAL_PCD_Start
 .text.HAL_PCD_IRQHandler
                0x0000000008002d2e      0x746 Drivers/STM32F4xx_HAL_Driver/Src/stm32f4xx_hal_pcd.o
                0x0000000008002d2e                HAL_PCD_IRQHandler
 .text.HAL_PCD_SetAddress
                0x0000000008003474       0x4a Drivers/STM32F4xx_HAL_Driver/Src/stm32f4xx_hal_pcd.o
                0x0000000008003474                HAL_PCD_SetAddress
 .text.HAL_PCD_EP_Open
                0x00000000080034be       0xd0 Drivers/STM32F4xx_HAL_Driver/Src/stm32f4xx_hal_pcd.o
                0x00000000080034be                HAL_PCD_EP_Open
 .text.HAL_PCD_EP_Close
                0x000000000800358e       0x94 Drivers/STM32F4xx_HAL_Driver/Src/stm32f4xx_hal_pcd.o
                0x000000000800358e                HAL_PCD_EP_Close
 .text.HAL_PCD_EP_Receive
                0x0000000008003622       0x96 Drivers/STM32F4xx_HAL_Driver/Src/stm32f4xx_hal_pcd.o
                0x0000000008003622                HAL_PCD_EP_Receive
 .text.HAL_PCD_EP_GetRxCount
                0x00000000080036b8       0x30 Drivers/STM32F4xx_HAL_Driver/Src/stm32f4xx_hal_pcd.o
                0x00000000080036b8                HAL_PCD_EP_GetRxCount
 .text.HAL_PCD_EP_Transmit
                0x00000000080036e8       0x94 Drivers/STM32F4xx_HAL_Driver/Src/stm32f4xx_hal_pcd.o
                0x00000000080036e8                HAL_PCD_EP_Transmit
 .text.HAL_PCD_EP_SetStall
                0x000000000800377c       0xc8 Drivers/STM32F4xx_HAL_Driver/Src/stm32f4xx_hal_pcd.o
                0x000000000800377c                HAL_PCD_EP_SetStall
 .text.HAL_PCD_EP_ClrStall
                0x0000000008003844       0xac Drivers/STM32F4xx_HAL_Driver/Src/stm32f4xx_hal_pcd.o
                0x0000000008003844                HAL_PCD_EP_ClrStall
 .text.PCD_WriteEmptyTxFifo
                0x00000000080038f0      0x11a Drivers/STM32F4xx_HAL_Driver/Src/stm32f4xx_hal_pcd.o
 *fill*         0x0000000008003a0a        0x2 
 .text.PCD_EP_OutXfrComplete_int
                0x0000000008003a0c      0x210 Drivers/STM32F4xx_HAL_Driver/Src/stm32f4xx_hal_pcd.o
 .text.PCD_EP_OutSetupPacket_int
                0x0000000008003c1c       0xc0 Drivers/STM32F4xx_HAL_Driver/Src/stm32f4xx_hal_pcd.o
 .text.HAL_PCDEx_SetTxFiFo
                0x0000000008003cdc       0x8e Drivers/STM32F4xx_HAL_Driver/Src/stm32f4xx_hal_pcd_ex.o
                0x0000000008003cdc                HAL_PCDEx_SetTxFiFo
 .text.HAL_PCDEx_SetRxFiFo
                0x0000000008003d6a       0x22 Drivers/STM32F4xx_HAL_Driver/Src/stm32f4xx_hal_pcd_ex.o
                0x0000000008003d6a                HAL_PCDEx_SetRxFiFo
 .text.HAL_PCDEx_LPM_Callback
                0x0000000008003d8c       0x18 Drivers/STM32F4xx_HAL_Driver/Src/stm32f4xx_hal_pcd_ex.o
                0x0000000008003d8c                HAL_PCDEx_LPM_Callback
 .text.HAL_RCC_OscConfig
                0x0000000008003da4      0x4e0 Drivers/STM32F4xx_HAL_Driver/Src/stm32f4xx_hal_rcc.o
                0x0000000008003da4                HAL_RCC_OscConfig
 .text.HAL_RCC_ClockConfig
                0x0000000008004284      0x1cc Drivers/STM32F4xx_HAL_Driver/Src/stm32f4xx_hal_rcc.o
                0x0000000008004284                HAL_RCC_ClockConfig
 .text.HAL_RCC_GetSysClockFreq
                0x0000000008004450      0x1b0 Drivers/STM32F4xx_HAL_Driver/Src/stm32f4xx_hal_rcc.o
                0x0000000008004450                HAL_RCC_GetSysClockFreq
 .text.HAL_RCC_GetHCLKFreq
                0x0000000008004600       0x18 Drivers/STM32F4xx_HAL_Driver/Src/stm32f4xx_hal_rcc.o
                0x0000000008004600                HAL_RCC_GetHCLKFreq
 .text.HAL_RCC_GetPCLK1Freq
                0x0000000008004618       0x28 Drivers/STM32F4xx_HAL_Driver/Src/stm32f4xx_hal_rcc.o
                0x0000000008004618                HAL_RCC_GetPCLK1Freq
 .text.HAL_SPI_Init
                0x0000000008004640       0xc8 Drivers/STM32F4xx_HAL_Driver/Src/stm32f4xx_hal_spi.o
                0x0000000008004640                HAL_SPI_Init
 .text.HAL_TIM_Base_Init
                0x0000000008004708       0x56 Drivers/STM32F4xx_HAL_Driver/Src/stm32f4xx_hal_tim.o
                0x0000000008004708                HAL_TIM_Base_Init
 .text.HAL_TIM_Base_Start
                0x000000000800475e       0x48 Drivers/STM32F4xx_HAL_Driver/Src/stm32f4xx_hal_tim.o
                0x000000000800475e                HAL_TIM_Base_Start
 .text.HAL_TIM_ConfigClockSource
                0x00000000080047a6      0x16e Drivers/STM32F4xx_HAL_Driver/Src/stm32f4xx_hal_tim.o
                0x00000000080047a6                HAL_TIM_ConfigClockSource
 .text.TIM_Base_SetConfig
                0x0000000008004914      0x140 Drivers/STM32F4xx_HAL_Driver/Src/stm32f4xx_hal_tim.o
                0x0000000008004914                TIM_Base_SetConfig
 .text.TIM_TI1_ConfigInputStage
                0x0000000008004a54       0x5e Drivers/STM32F4xx_HAL_Driver/Src/stm32f4xx_hal_tim.o
 .text.TIM_TI2_ConfigInputStage
                0x0000000008004ab2       0x60 Drivers/STM32F4xx_HAL_Driver/Src/stm32f4xx_hal_tim.o
 .text.TIM_ITRx_SetConfig
                0x0000000008004b12       0x36 Drivers/STM32F4xx_HAL_Driver/Src/stm32f4xx_hal_tim.o
 .text.TIM_ETR_SetConfig
                0x0000000008004b48       0x40 Drivers/STM32F4xx_HAL_Driver/Src/stm32f4xx_hal_tim.o
                0x0000000008004b48                TIM_ETR_SetConfig
 .text.HAL_TIMEx_MasterConfigSynchronization
                0x0000000008004b88       0xf8 Drivers/STM32F4xx_HAL_Driver/Src/stm32f4xx_hal_tim_ex.o
                0x0000000008004b88                HAL_TIMEx_MasterConfigSynchronization
 .text.USB_CoreInit
                0x0000000008004c80       0xc2 Drivers/STM32F4xx_HAL_Driver/Src/stm32f4xx_ll_usb.o
                0x0000000008004c80                USB_CoreInit
 *fill*         0x0000000008004d42        0x2 
 .text.USB_SetTurnaroundTime
                0x0000000008004d44      0x144 Drivers/STM32F4xx_HAL_Driver/Src/stm32f4xx_ll_usb.o
                0x0000000008004d44                USB_SetTurnaroundTime
 .text.USB_EnableGlobalInt
                0x0000000008004e88       0x22 Drivers/STM32F4xx_HAL_Driver/Src/stm32f4xx_ll_usb.o
                0x0000000008004e88                USB_EnableGlobalInt
 .text.USB_DisableGlobalInt
                0x0000000008004eaa       0x22 Drivers/STM32F4xx_HAL_Driver/Src/stm32f4xx_ll_usb.o
                0x0000000008004eaa                USB_DisableGlobalInt
 .text.USB_SetCurrentMode
                0x0000000008004ecc       0x54 Drivers/STM32F4xx_HAL_Driver/Src/stm32f4xx_ll_usb.o
                0x0000000008004ecc                USB_SetCurrentMode
 .text.USB_DevInit
                0x0000000008004f20      0x2e4 Drivers/STM32F4xx_HAL_Driver/Src/stm32f4xx_ll_usb.o
                0x0000000008004f20                USB_DevInit
 .text.USB_FlushTxFifo
                0x0000000008005204       0x4c Drivers/STM32F4xx_HAL_Driver/Src/stm32f4xx_ll_usb.o
                0x0000000008005204                USB_FlushTxFifo
 .text.USB_FlushRxFifo
                0x0000000008005250       0x44 Drivers/STM32F4xx_HAL_Driver/Src/stm32f4xx_ll_usb.o
                0x0000000008005250                USB_FlushRxFifo
 .text.USB_SetDevSpeed
                0x0000000008005294       0x32 Drivers/STM32F4xx_HAL_Driver/Src/stm32f4xx_ll_usb.o
                0x0000000008005294                USB_SetDevSpeed
 .text.USB_GetDevSpeed
                0x00000000080052c6       0x4a Drivers/STM32F4xx_HAL_Driver/Src/stm32f4xx_ll_usb.o
                0x00000000080052c6                USB_GetDevSpeed
 .text.USB_ActivateEndpoint
                0x0000000008005310      0x10e Drivers/STM32F4xx_HAL_Driver/Src/stm32f4xx_ll_usb.o
                0x0000000008005310                USB_ActivateEndpoint
 *fill*         0x000000000800541e        0x2 
 .text.USB_DeactivateEndpoint
                0x0000000008005420      0x108 Drivers/STM32F4xx_HAL_Driver/Src/stm32f4xx_ll_usb.o
                0x0000000008005420                USB_DeactivateEndpoint
 .text.USB_EPStartXfer
                0x0000000008005528      0x488 Drivers/STM32F4xx_HAL_Driver/Src/stm32f4xx_ll_usb.o
                0x0000000008005528                USB_EPStartXfer
 .text.USB_EP0StartXfer
                0x00000000080059b0      0x2a6 Drivers/STM32F4xx_HAL_Driver/Src/stm32f4xx_ll_usb.o
                0x00000000080059b0                USB_EP0StartXfer
 .text.USB_WritePacket
                0x0000000008005c56       0x6a Drivers/STM32F4xx_HAL_Driver/Src/stm32f4xx_ll_usb.o
                0x0000000008005c56                USB_WritePacket
 .text.USB_ReadPacket
                0x0000000008005cc0       0x52 Drivers/STM32F4xx_HAL_Driver/Src/stm32f4xx_ll_usb.o
                0x0000000008005cc0                USB_ReadPacket
 .text.USB_EPSetStall
                0x0000000008005d12       0xdc Drivers/STM32F4xx_HAL_Driver/Src/stm32f4xx_ll_usb.o
                0x0000000008005d12                USB_EPSetStall
 .text.USB_EPClearStall
                0x0000000008005dee       0xcc Drivers/STM32F4xx_HAL_Driver/Src/stm32f4xx_ll_usb.o
                0x0000000008005dee                USB_EPClearStall
 .text.USB_SetDevAddress
                0x0000000008005eba       0x4c Drivers/STM32F4xx_HAL_Driver/Src/stm32f4xx_ll_usb.o
                0x0000000008005eba                USB_SetDevAddress
 .text.USB_DevConnect
                0x0000000008005f06       0x30 Drivers/STM32F4xx_HAL_Driver/Src/stm32f4xx_ll_usb.o
                0x0000000008005f06                USB_DevConnect
 .text.USB_DevDisconnect
                0x0000000008005f36       0x30 Drivers/STM32F4xx_HAL_Driver/Src/stm32f4xx_ll_usb.o
                0x0000000008005f36                USB_DevDisconnect
 .text.USB_ReadInterrupts
                0x0000000008005f66       0x26 Drivers/STM32F4xx_HAL_Driver/Src/stm32f4xx_ll_usb.o
                0x0000000008005f66                USB_ReadInterrupts
 .text.USB_ReadDevAllOutEpInterrupt
                0x0000000008005f8c       0x34 Drivers/STM32F4xx_HAL_Driver/Src/stm32f4xx_ll_usb.o
                0x0000000008005f8c                USB_ReadDevAllOutEpInterrupt
 .text.USB_ReadDevAllInEpInterrupt
                0x0000000008005fc0       0x34 Drivers/STM32F4xx_HAL_Driver/Src/stm32f4xx_ll_usb.o
                0x0000000008005fc0                USB_ReadDevAllInEpInterrupt
 .text.USB_ReadDevOutEPInterrupt
                0x0000000008005ff4       0x3c Drivers/STM32F4xx_HAL_Driver/Src/stm32f4xx_ll_usb.o
                0x0000000008005ff4                USB_ReadDevOutEPInterrupt
 .text.USB_ReadDevInEPInterrupt
                0x0000000008006030       0x5c Drivers/STM32F4xx_HAL_Driver/Src/stm32f4xx_ll_usb.o
                0x0000000008006030                USB_ReadDevInEPInterrupt
 .text.USB_GetMode
                0x000000000800608c       0x1c Drivers/STM32F4xx_HAL_Driver/Src/stm32f4xx_ll_usb.o
                0x000000000800608c                USB_GetMode
 .text.USB_ActivateSetup
                0x00000000080060a8       0x6a Drivers/STM32F4xx_HAL_Driver/Src/stm32f4xx_ll_usb.o
                0x00000000080060a8                USB_ActivateSetup
 *fill*         0x0000000008006112        0x2 
 .text.USB_EP0_OutStart
                0x0000000008006114       0xbc Drivers/STM32F4xx_HAL_Driver/Src/stm32f4xx_ll_usb.o
                0x0000000008006114                USB_EP0_OutStart
 .text.USB_CoreReset
                0x00000000080061d0       0x68 Drivers/STM32F4xx_HAL_Driver/Src/stm32f4xx_ll_usb.o
 .text.MX_FATFS_Init
                0x0000000008006238       0x24 FATFS/App/fatfs.o
                0x0000000008006238                MX_FATFS_Init
 .text.USER_initialize
                0x000000000800625c       0x28 FATFS/Target/user_diskio.o
                0x000000000800625c                USER_initialize
 .text.USER_status
                0x0000000008006284       0x28 FATFS/Target/user_diskio.o
                0x0000000008006284                USER_status
 .text.USER_read
                0x00000000080062ac       0x1e FATFS/Target/user_diskio.o
                0x00000000080062ac                USER_read
 .text.USER_write
                0x00000000080062ca       0x1e FATFS/Target/user_diskio.o
                0x00000000080062ca                USER_write
 .text.USER_ioctl
                0x00000000080062e8       0x22 FATFS/Target/user_diskio.o
                0x00000000080062e8                USER_ioctl
 .text.USBD_CDC_Init
                0x000000000800630a       0xf6 Middlewares/ST/STM32_USB_Device_Library/Class/CDC/Src/usbd_cdc.o
 .text.USBD_CDC_DeInit
                0x0000000008006400       0x6e Middlewares/ST/STM32_USB_Device_Library/Class/CDC/Src/usbd_cdc.o
 .text.USBD_CDC_Setup
                0x000000000800646e      0x140 Middlewares/ST/STM32_USB_Device_Library/Class/CDC/Src/usbd_cdc.o
 .text.USBD_CDC_DataIn
                0x00000000080065ae       0xa6 Middlewares/ST/STM32_USB_Device_Library/Class/CDC/Src/usbd_cdc.o
 .text.USBD_CDC_DataOut
                0x0000000008006654       0x56 Middlewares/ST/STM32_USB_Device_Library/Class/CDC/Src/usbd_cdc.o
 .text.USBD_CDC_EP0_RxReady
                0x00000000080066aa       0x50 Middlewares/ST/STM32_USB_Device_Library/Class/CDC/Src/usbd_cdc.o
 *fill*         0x00000000080066fa        0x2 
 .text.USBD_CDC_GetFSCfgDesc
                0x00000000080066fc       0x20 Middlewares/ST/STM32_USB_Device_Library/Class/CDC/Src/usbd_cdc.o
 .text.USBD_CDC_GetHSCfgDesc
                0x000000000800671c       0x20 Middlewares/ST/STM32_USB_Device_Library/Class/CDC/Src/usbd_cdc.o
 .text.USBD_CDC_GetOtherSpeedCfgDesc
                0x000000000800673c       0x20 Middlewares/ST/STM32_USB_Device_Library/Class/CDC/Src/usbd_cdc.o
 .text.USBD_CDC_GetDeviceQualifierDescriptor
                0x000000000800675c       0x20 Middlewares/ST/STM32_USB_Device_Library/Class/CDC/Src/usbd_cdc.o
                0x000000000800675c                USBD_CDC_GetDeviceQualifierDescriptor
 .text.USBD_CDC_RegisterInterface
                0x000000000800677c       0x2e Middlewares/ST/STM32_USB_Device_Library/Class/CDC/Src/usbd_cdc.o
                0x000000000800677c                USBD_CDC_RegisterInterface
 .text.USBD_CDC_SetTxBuffer
                0x00000000080067aa       0x34 Middlewares/ST/STM32_USB_Device_Library/Class/CDC/Src/usbd_cdc.o
                0x00000000080067aa                USBD_CDC_SetTxBuffer
 .text.USBD_CDC_SetRxBuffer
                0x00000000080067de       0x28 Middlewares/ST/STM32_USB_Device_Library/Class/CDC/Src/usbd_cdc.o
                0x00000000080067de                USBD_CDC_SetRxBuffer
 .text.USBD_Init
                0x0000000008006806       0x56 Middlewares/ST/STM32_USB_Device_Library/Core/Src/usbd_core.o
                0x0000000008006806                USBD_Init
 .text.USBD_RegisterClass
                0x000000000800685c       0x34 Middlewares/ST/STM32_USB_Device_Library/Core/Src/usbd_core.o
                0x000000000800685c                USBD_RegisterClass
 .text.USBD_Start
                0x0000000008006890       0x18 Middlewares/ST/STM32_USB_Device_Library/Core/Src/usbd_core.o
                0x0000000008006890                USBD_Start
 .text.USBD_RunTestMode
                0x00000000080068a8       0x16 Middlewares/ST/STM32_USB_Device_Library/Core/Src/usbd_core.o
                0x00000000080068a8                USBD_RunTestMode
 .text.USBD_SetClassConfig
                0x00000000080068be       0x3e Middlewares/ST/STM32_USB_Device_Library/Core/Src/usbd_core.o
                0x00000000080068be                USBD_SetClassConfig
 .text.USBD_ClrClassConfig
                0x00000000080068fc       0x26 Middlewares/ST/STM32_USB_Device_Library/Core/Src/usbd_core.o
                0x00000000080068fc                USBD_ClrClassConfig
 .text.USBD_LL_SetupStage
                0x0000000008006922       0x96 Middlewares/ST/STM32_USB_Device_Library/Core/Src/usbd_core.o
                0x0000000008006922                USBD_LL_SetupStage
 .text.USBD_LL_DataOutStage
                0x00000000080069b8       0xe2 Middlewares/ST/STM32_USB_Device_Library/Core/Src/usbd_core.o
                0x00000000080069b8                USBD_LL_DataOutStage
 .text.USBD_LL_DataInStage
                0x0000000008006a9a      0x14a Middlewares/ST/STM32_USB_Device_Library/Core/Src/usbd_core.o
                0x0000000008006a9a                USBD_LL_DataInStage
 .text.USBD_LL_Reset
                0x0000000008006be4       0x82 Middlewares/ST/STM32_USB_Device_Library/Core/Src/usbd_core.o
                0x0000000008006be4                USBD_LL_Reset
 .text.USBD_LL_SetSpeed
                0x0000000008006c66       0x20 Middlewares/ST/STM32_USB_Device_Library/Core/Src/usbd_core.o
                0x0000000008006c66                USBD_LL_SetSpeed
 .text.USBD_LL_Suspend
                0x0000000008006c86       0x2a Middlewares/ST/STM32_USB_Device_Library/Core/Src/usbd_core.o
                0x0000000008006c86                USBD_LL_Suspend
 .text.USBD_LL_Resume
                0x0000000008006cb0       0x22 Middlewares/ST/STM32_USB_Device_Library/Core/Src/usbd_core.o
                0x0000000008006cb0                USBD_LL_Resume
 .text.USBD_LL_SOF
                0x0000000008006cd2       0x34 Middlewares/ST/STM32_USB_Device_Library/Core/Src/usbd_core.o
                0x0000000008006cd2                USBD_LL_SOF
 .text.USBD_LL_IsoINIncomplete
                0x0000000008006d06       0x1a Middlewares/ST/STM32_USB_Device_Library/Core/Src/usbd_core.o
                0x0000000008006d06                USBD_LL_IsoINIncomplete
 .text.USBD_LL_IsoOUTIncomplete
                0x0000000008006d20       0x1a Middlewares/ST/STM32_USB_Device_Library/Core/Src/usbd_core.o
                0x0000000008006d20                USBD_LL_IsoOUTIncomplete
 .text.USBD_LL_DevConnected
                0x0000000008006d3a       0x16 Middlewares/ST/STM32_USB_Device_Library/Core/Src/usbd_core.o
                0x0000000008006d3a                USBD_LL_DevConnected
 .text.USBD_LL_DevDisconnected
                0x0000000008006d50       0x2e Middlewares/ST/STM32_USB_Device_Library/Core/Src/usbd_core.o
                0x0000000008006d50                USBD_LL_DevDisconnected
 *fill*         0x0000000008006d7e        0x2 
 .text.USBD_StdDevReq
                0x0000000008006d80       0xd4 Middlewares/ST/STM32_USB_Device_Library/Core/Src/usbd_ctlreq.o
                0x0000000008006d80                USBD_StdDevReq
 .text.USBD_StdItfReq
                0x0000000008006e54       0x8c Middlewares/ST/STM32_USB_Device_Library/Core/Src/usbd_ctlreq.o
                0x0000000008006e54                USBD_StdItfReq
 .text.USBD_StdEPReq
                0x0000000008006ee0      0x2b6 Middlewares/ST/STM32_USB_Device_Library/Core/Src/usbd_ctlreq.o
                0x0000000008006ee0                USBD_StdEPReq
 *fill*         0x0000000008007196        0x2 
 .text.USBD_GetDescriptor
                0x0000000008007198      0x1f4 Middlewares/ST/STM32_USB_Device_Library/Core/Src/usbd_ctlreq.o
 .text.USBD_SetAddress
                0x000000000800738c       0x84 Middlewares/ST/STM32_USB_Device_Library/Core/Src/usbd_ctlreq.o
 .text.USBD_SetConfig
                0x0000000008007410      0x11c Middlewares/ST/STM32_USB_Device_Library/Core/Src/usbd_ctlreq.o
 .text.USBD_GetConfig
                0x000000000800752c       0x68 Middlewares/ST/STM32_USB_Device_Library/Core/Src/usbd_ctlreq.o
 .text.USBD_GetStatus
                0x0000000008007594       0x66 Middlewares/ST/STM32_USB_Device_Library/Core/Src/usbd_ctlreq.o
 .text.USBD_SetFeature
                0x00000000080075fa       0x28 Middlewares/ST/STM32_USB_Device_Library/Core/Src/usbd_ctlreq.o
 .text.USBD_ClrFeature
                0x0000000008007622       0x42 Middlewares/ST/STM32_USB_Device_Library/Core/Src/usbd_ctlreq.o
 .text.USBD_ParseSetupRequest
                0x0000000008007664       0x7a Middlewares/ST/STM32_USB_Device_Library/Core/Src/usbd_ctlreq.o
                0x0000000008007664                USBD_ParseSetupRequest
 .text.USBD_CtlError
                0x00000000080076de       0x22 Middlewares/ST/STM32_USB_Device_Library/Core/Src/usbd_ctlreq.o
                0x00000000080076de                USBD_CtlError
 .text.USBD_GetString
                0x0000000008007700       0x84 Middlewares/ST/STM32_USB_Device_Library/Core/Src/usbd_ctlreq.o
                0x0000000008007700                USBD_GetString
 .text.USBD_GetLen
                0x0000000008007784       0x30 Middlewares/ST/STM32_USB_Device_Library/Core/Src/usbd_ctlreq.o
 .text.USBD_CtlSendData
                0x00000000080077b4       0x38 Middlewares/ST/STM32_USB_Device_Library/Core/Src/usbd_ioreq.o
                0x00000000080077b4                USBD_CtlSendData
 .text.USBD_CtlContinueSendData
                0x00000000080077ec       0x24 Middlewares/ST/STM32_USB_Device_Library/Core/Src/usbd_ioreq.o
                0x00000000080077ec                USBD_CtlContinueSendData
 .text.USBD_CtlPrepareRx
                0x0000000008007810       0x3c Middlewares/ST/STM32_USB_Device_Library/Core/Src/usbd_ioreq.o
                0x0000000008007810                USBD_CtlPrepareRx
 .text.USBD_CtlContinueRx
                0x000000000800784c       0x24 Middlewares/ST/STM32_USB_Device_Library/Core/Src/usbd_ioreq.o
                0x000000000800784c                USBD_CtlContinueRx
 .text.USBD_CtlSendStatus
                0x0000000008007870       0x26 Middlewares/ST/STM32_USB_Device_Library/Core/Src/usbd_ioreq.o
                0x0000000008007870                USBD_CtlSendStatus
 .text.USBD_CtlReceiveStatus
                0x0000000008007896       0x26 Middlewares/ST/STM32_USB_Device_Library/Core/Src/usbd_ioreq.o
                0x0000000008007896                USBD_CtlReceiveStatus
 .text.FATFS_LinkDriverEx
                0x00000000080078bc       0x98 Middlewares/Third_Party/FatFs/src/ff_gen_drv.o
                0x00000000080078bc                FATFS_LinkDriverEx
 .text.FATFS_LinkDriver
                0x0000000008007954       0x1e Middlewares/Third_Party/FatFs/src/ff_gen_drv.o
                0x0000000008007954                FATFS_LinkDriver
 *fill*         0x0000000008007972        0x2 
 .text.MX_USB_DEVICE_Init
                0x0000000008007974       0x60 USB_DEVICE/App/usb_device.o
                0x0000000008007974                MX_USB_DEVICE_Init
 .text.CDC_Init_FS
                0x00000000080079d4       0x28 USB_DEVICE/App/usbd_cdc_if.o
 .text.CDC_DeInit_FS
                0x00000000080079fc       0x10 USB_DEVICE/App/usbd_cdc_if.o
 .text.CDC_Control_FS
                0x0000000008007a0c       0xbc USB_DEVICE/App/usbd_cdc_if.o
 .text.CDC_Receive_FS
                0x0000000008007ac8       0x18 USB_DEVICE/App/usbd_cdc_if.o
 .text.USBD_FS_DeviceDescriptor
                0x0000000008007ae0       0x24 USB_DEVICE/App/usbd_desc.o
                0x0000000008007ae0                USBD_FS_DeviceDescriptor
 .text.USBD_FS_LangIDStrDescriptor
                0x0000000008007b04       0x24 USB_DEVICE/App/usbd_desc.o
                0x0000000008007b04                USBD_FS_LangIDStrDescriptor
 .text.USBD_FS_ProductStrDescriptor
                0x0000000008007b28       0x3c USB_DEVICE/App/usbd_desc.o
                0x0000000008007b28                USBD_FS_ProductStrDescriptor
 .text.USBD_FS_ManufacturerStrDescriptor
                0x0000000008007b64       0x28 USB_DEVICE/App/usbd_desc.o
                0x0000000008007b64                USBD_FS_ManufacturerStrDescriptor
 .text.USBD_FS_SerialStrDescriptor
                0x0000000008007b8c       0x24 USB_DEVICE/App/usbd_desc.o
                0x0000000008007b8c                USBD_FS_SerialStrDescriptor
 .text.USBD_FS_ConfigStrDescriptor
                0x0000000008007bb0       0x3c USB_DEVICE/App/usbd_desc.o
                0x0000000008007bb0                USBD_FS_ConfigStrDescriptor
 .text.USBD_FS_InterfaceStrDescriptor
                0x0000000008007bec       0x3c USB_DEVICE/App/usbd_desc.o
                0x0000000008007bec                USBD_FS_InterfaceStrDescriptor
 .text.Get_SerialNum
                0x0000000008007c28       0x58 USB_DEVICE/App/usbd_desc.o
 .text.IntToUnicode
                0x0000000008007c80       0x7c USB_DEVICE/App/usbd_desc.o
 .text.HAL_PCD_MspInit
                0x0000000008007cfc       0xa8 USB_DEVICE/Target/usbd_conf.o
                0x0000000008007cfc                HAL_PCD_MspInit
 .text.HAL_PCD_SetupStageCallback
                0x0000000008007da4       0x24 USB_DEVICE/Target/usbd_conf.o
                0x0000000008007da4                HAL_PCD_SetupStageCallback
 .text.HAL_PCD_DataOutStageCallback
                0x0000000008007dc8       0x36 USB_DEVICE/Target/usbd_conf.o
                0x0000000008007dc8                HAL_PCD_DataOutStageCallback
 .text.HAL_PCD_DataInStageCallback
                0x0000000008007dfe       0x34 USB_DEVICE/Target/usbd_conf.o
                0x0000000008007dfe                HAL_PCD_DataInStageCallback
 .text.HAL_PCD_SOFCallback
                0x0000000008007e32       0x1c USB_DEVICE/Target/usbd_conf.o
                0x0000000008007e32                HAL_PCD_SOFCallback
 .text.HAL_PCD_ResetCallback
                0x0000000008007e4e       0x50 USB_DEVICE/Target/usbd_conf.o
                0x0000000008007e4e                HAL_PCD_ResetCallback
 *fill*         0x0000000008007e9e        0x2 
 .text.HAL_PCD_SuspendCallback
                0x0000000008007ea0       0x4c USB_DEVICE/Target/usbd_conf.o
                0x0000000008007ea0                HAL_PCD_SuspendCallback
 .text.HAL_PCD_ResumeCallback
                0x0000000008007eec       0x1c USB_DEVICE/Target/usbd_conf.o
                0x0000000008007eec                HAL_PCD_ResumeCallback
 .text.HAL_PCD_ISOOUTIncompleteCallback
                0x0000000008007f08       0x24 USB_DEVICE/Target/usbd_conf.o
                0x0000000008007f08                HAL_PCD_ISOOUTIncompleteCallback
 .text.HAL_PCD_ISOINIncompleteCallback
                0x0000000008007f2c       0x24 USB_DEVICE/Target/usbd_conf.o
                0x0000000008007f2c                HAL_PCD_ISOINIncompleteCallback
 .text.HAL_PCD_ConnectCallback
                0x0000000008007f50       0x1c USB_DEVICE/Target/usbd_conf.o
                0x0000000008007f50                HAL_PCD_ConnectCallback
 .text.HAL_PCD_DisconnectCallback
                0x0000000008007f6c       0x1c USB_DEVICE/Target/usbd_conf.o
                0x0000000008007f6c                HAL_PCD_DisconnectCallback
 .text.USBD_LL_Init
                0x0000000008007f88       0x98 USB_DEVICE/Target/usbd_conf.o
                0x0000000008007f88                USBD_LL_Init
 .text.USBD_LL_Start
                0x0000000008008020       0x36 USB_DEVICE/Target/usbd_conf.o
                0x0000000008008020                USBD_LL_Start
 .text.USBD_LL_OpenEP
                0x0000000008008056       0x4c USB_DEVICE/Target/usbd_conf.o
                0x0000000008008056                USBD_LL_OpenEP
 .text.USBD_LL_CloseEP
                0x00000000080080a2       0x3e USB_DEVICE/Target/usbd_conf.o
                0x00000000080080a2                USBD_LL_CloseEP
 .text.USBD_LL_StallEP
                0x00000000080080e0       0x3e USB_DEVICE/Target/usbd_conf.o
                0x00000000080080e0                USBD_LL_StallEP
 .text.USBD_LL_ClearStallEP
                0x000000000800811e       0x3e USB_DEVICE/Target/usbd_conf.o
                0x000000000800811e                USBD_LL_ClearStallEP
 .text.USBD_LL_IsStallEP
                0x000000000800815c       0x58 USB_DEVICE/Target/usbd_conf.o
                0x000000000800815c                USBD_LL_IsStallEP
 .text.USBD_LL_SetUSBAddress
                0x00000000080081b4       0x3e USB_DEVICE/Target/usbd_conf.o
                0x00000000080081b4                USBD_LL_SetUSBAddress
 .text.USBD_LL_Transmit
                0x00000000080081f2       0x46 USB_DEVICE/Target/usbd_conf.o
                0x00000000080081f2                USBD_LL_Transmit
 .text.USBD_LL_PrepareReceive
                0x0000000008008238       0x46 USB_DEVICE/Target/usbd_conf.o
                0x0000000008008238                USBD_LL_PrepareReceive
 .text.USBD_LL_GetRxDataSize
                0x000000000800827e       0x26 USB_DEVICE/Target/usbd_conf.o
                0x000000000800827e                USBD_LL_GetRxDataSize
 .text.USBD_Get_USB_Status
                0x00000000080082a4       0x58 USB_DEVICE/Target/usbd_conf.o
                0x00000000080082a4                USBD_Get_USB_Status
 .text.__errno  0x00000000080082fc        0xc c:/st/stm32cubeide_1.2.0/stm32cubeide/plugins/com.st.stm32cube.ide.mcu.externaltools.gnu-tools-for-stm32.7-2018-q2-update.win32_1.0.0.201904181610/tools/bin/../lib/gcc/arm-none-eabi/7.3.1/../../../../arm-none-eabi/lib/thumb/v7e-m/fpv4-sp/hard\libc_nano.a(lib_a-errno.o)
                0x00000000080082fc                __errno
 .text.__libc_init_array
                0x0000000008008308       0x48 c:/st/stm32cubeide_1.2.0/stm32cubeide/plugins/com.st.stm32cube.ide.mcu.externaltools.gnu-tools-for-stm32.7-2018-q2-update.win32_1.0.0.201904181610/tools/bin/../lib/gcc/arm-none-eabi/7.3.1/../../../../arm-none-eabi/lib/thumb/v7e-m/fpv4-sp/hard\libc_nano.a(lib_a-init.o)
                0x0000000008008308                __libc_init_array
 .text.malloc   0x0000000008008350       0x10 c:/st/stm32cubeide_1.2.0/stm32cubeide/plugins/com.st.stm32cube.ide.mcu.externaltools.gnu-tools-for-stm32.7-2018-q2-update.win32_1.0.0.201904181610/tools/bin/../lib/gcc/arm-none-eabi/7.3.1/../../../../arm-none-eabi/lib/thumb/v7e-m/fpv4-sp/hard\libc_nano.a(lib_a-malloc.o)
                0x0000000008008350                malloc
 .text.free     0x0000000008008360       0x10 c:/st/stm32cubeide_1.2.0/stm32cubeide/plugins/com.st.stm32cube.ide.mcu.externaltools.gnu-tools-for-stm32.7-2018-q2-update.win32_1.0.0.201904181610/tools/bin/../lib/gcc/arm-none-eabi/7.3.1/../../../../arm-none-eabi/lib/thumb/v7e-m/fpv4-sp/hard\libc_nano.a(lib_a-malloc.o)
                0x0000000008008360                free
 .text.memset   0x0000000008008370       0x10 c:/st/stm32cubeide_1.2.0/stm32cubeide/plugins/com.st.stm32cube.ide.mcu.externaltools.gnu-tools-for-stm32.7-2018-q2-update.win32_1.0.0.201904181610/tools/bin/../lib/gcc/arm-none-eabi/7.3.1/../../../../arm-none-eabi/lib/thumb/v7e-m/fpv4-sp/hard\libc_nano.a(lib_a-memset.o)
                0x0000000008008370                memset
 .text._free_r  0x0000000008008380       0x9c c:/st/stm32cubeide_1.2.0/stm32cubeide/plugins/com.st.stm32cube.ide.mcu.externaltools.gnu-tools-for-stm32.7-2018-q2-update.win32_1.0.0.201904181610/tools/bin/../lib/gcc/arm-none-eabi/7.3.1/../../../../arm-none-eabi/lib/thumb/v7e-m/fpv4-sp/hard\libc_nano.a(lib_a-nano-freer.o)
                0x0000000008008380                _free_r
 .text._malloc_r
                0x000000000800841c       0xb4 c:/st/stm32cubeide_1.2.0/stm32cubeide/plugins/com.st.stm32cube.ide.mcu.externaltools.gnu-tools-for-stm32.7-2018-q2-update.win32_1.0.0.201904181610/tools/bin/../lib/gcc/arm-none-eabi/7.3.1/../../../../arm-none-eabi/lib/thumb/v7e-m/fpv4-sp/hard\libc_nano.a(lib_a-nano-mallocr.o)
                0x000000000800841c                _malloc_r
 .text._sbrk_r  0x00000000080084d0       0x20 c:/st/stm32cubeide_1.2.0/stm32cubeide/plugins/com.st.stm32cube.ide.mcu.externaltools.gnu-tools-for-stm32.7-2018-q2-update.win32_1.0.0.201904181610/tools/bin/../lib/gcc/arm-none-eabi/7.3.1/../../../../arm-none-eabi/lib/thumb/v7e-m/fpv4-sp/hard\libc_nano.a(lib_a-sbrkr.o)
                0x00000000080084d0                _sbrk_r
 .text.strcat   0x00000000080084f0       0x1e c:/st/stm32cubeide_1.2.0/stm32cubeide/plugins/com.st.stm32cube.ide.mcu.externaltools.gnu-tools-for-stm32.7-2018-q2-update.win32_1.0.0.201904181610/tools/bin/../lib/gcc/arm-none-eabi/7.3.1/../../../../arm-none-eabi/lib/thumb/v7e-m/fpv4-sp/hard\libc_nano.a(lib_a-strcat.o)
                0x00000000080084f0                strcat
 .text.strcpy   0x000000000800850e       0x10 c:/st/stm32cubeide_1.2.0/stm32cubeide/plugins/com.st.stm32cube.ide.mcu.externaltools.gnu-tools-for-stm32.7-2018-q2-update.win32_1.0.0.201904181610/tools/bin/../lib/gcc/arm-none-eabi/7.3.1/../../../../arm-none-eabi/lib/thumb/v7e-m/fpv4-sp/hard\libc_nano.a(lib_a-strcpy.o)
                0x000000000800850e                strcpy
 .text.__malloc_lock
                0x000000000800851e        0x2 c:/st/stm32cubeide_1.2.0/stm32cubeide/plugins/com.st.stm32cube.ide.mcu.externaltools.gnu-tools-for-stm32.7-2018-q2-update.win32_1.0.0.201904181610/tools/bin/../lib/gcc/arm-none-eabi/7.3.1/../../../../arm-none-eabi/lib/thumb/v7e-m/fpv4-sp/hard\libc_nano.a(lib_a-mlock.o)
                0x000000000800851e                __malloc_lock
 .text.__malloc_unlock
                0x0000000008008520        0x2 c:/st/stm32cubeide_1.2.0/stm32cubeide/plugins/com.st.stm32cube.ide.mcu.externaltools.gnu-tools-for-stm32.7-2018-q2-update.win32_1.0.0.201904181610/tools/bin/../lib/gcc/arm-none-eabi/7.3.1/../../../../arm-none-eabi/lib/thumb/v7e-m/fpv4-sp/hard\libc_nano.a(lib_a-mlock.o)
                0x0000000008008520                __malloc_unlock
 *(.glue_7)
 .glue_7        0x0000000008008522        0x0 linker stubs
 *(.glue_7t)
 .glue_7t       0x0000000008008522        0x0 linker stubs
 *(.eh_frame)
 *fill*         0x0000000008008522        0x2 
 .eh_frame      0x0000000008008524        0x0 c:/st/stm32cubeide_1.2.0/stm32cubeide/plugins/com.st.stm32cube.ide.mcu.externaltools.gnu-tools-for-stm32.7-2018-q2-update.win32_1.0.0.201904181610/tools/bin/../lib/gcc/arm-none-eabi/7.3.1/thumb/v7e-m/fpv4-sp/hard/crtbegin.o
 *(.init)
 .init          0x0000000008008524        0x4 c:/st/stm32cubeide_1.2.0/stm32cubeide/plugins/com.st.stm32cube.ide.mcu.externaltools.gnu-tools-for-stm32.7-2018-q2-update.win32_1.0.0.201904181610/tools/bin/../lib/gcc/arm-none-eabi/7.3.1/thumb/v7e-m/fpv4-sp/hard/crti.o
                0x0000000008008524                _init
 .init          0x0000000008008528        0x8 c:/st/stm32cubeide_1.2.0/stm32cubeide/plugins/com.st.stm32cube.ide.mcu.externaltools.gnu-tools-for-stm32.7-2018-q2-update.win32_1.0.0.201904181610/tools/bin/../lib/gcc/arm-none-eabi/7.3.1/thumb/v7e-m/fpv4-sp/hard/crtn.o
 *(.fini)
 .fini          0x0000000008008530        0x4 c:/st/stm32cubeide_1.2.0/stm32cubeide/plugins/com.st.stm32cube.ide.mcu.externaltools.gnu-tools-for-stm32.7-2018-q2-update.win32_1.0.0.201904181610/tools/bin/../lib/gcc/arm-none-eabi/7.3.1/thumb/v7e-m/fpv4-sp/hard/crti.o
                0x0000000008008530                _fini
 .fini          0x0000000008008534        0x8 c:/st/stm32cubeide_1.2.0/stm32cubeide/plugins/com.st.stm32cube.ide.mcu.externaltools.gnu-tools-for-stm32.7-2018-q2-update.win32_1.0.0.201904181610/tools/bin/../lib/gcc/arm-none-eabi/7.3.1/thumb/v7e-m/fpv4-sp/hard/crtn.o
                0x000000000800853c                . = ALIGN (0x4)
                0x000000000800853c                _etext = .

.vfp11_veneer   0x000000000800853c        0x0
 .vfp11_veneer  0x000000000800853c        0x0 linker stubs

.v4_bx          0x000000000800853c        0x0
 .v4_bx         0x000000000800853c        0x0 linker stubs

.iplt           0x000000000800853c        0x0
 .iplt          0x000000000800853c        0x0 c:/st/stm32cubeide_1.2.0/stm32cubeide/plugins/com.st.stm32cube.ide.mcu.externaltools.gnu-tools-for-stm32.7-2018-q2-update.win32_1.0.0.201904181610/tools/bin/../lib/gcc/arm-none-eabi/7.3.1/thumb/v7e-m/fpv4-sp/hard/crtbegin.o

.rodata         0x000000000800853c       0x8c
                0x000000000800853c                . = ALIGN (0x4)
 *(.rodata)
 .rodata        0x000000000800853c       0x19 Core/Src/chrono.o
 *fill*         0x0000000008008555        0x3 
 .rodata        0x0000000008008558        0xe Core/Src/main.o
 *fill*         0x0000000008008566        0x2 
 .rodata        0x0000000008008568       0x46 USB_DEVICE/App/usbd_desc.o
 *(.rodata*)
 *fill*         0x00000000080085ae        0x2 
 .rodata.AHBPrescTable
                0x00000000080085b0       0x10 Core/Src/system_stm32f4xx.o
                0x00000000080085b0                AHBPrescTable
 .rodata.APBPrescTable
                0x00000000080085c0        0x8 Core/Src/system_stm32f4xx.o
                0x00000000080085c0                APBPrescTable
                0x00000000080085c8                . = ALIGN (0x4)

.ARM.extab      0x00000000080085c8        0x0
                0x00000000080085c8                . = ALIGN (0x4)
 *(.ARM.extab* .gnu.linkonce.armextab.*)
                0x00000000080085c8                . = ALIGN (0x4)

.ARM            0x00000000080085c8        0x8
                0x00000000080085c8                . = ALIGN (0x4)
                0x00000000080085c8                __exidx_start = .
 *(.ARM.exidx*)
 .ARM.exidx     0x00000000080085c8        0x8 c:/st/stm32cubeide_1.2.0/stm32cubeide/plugins/com.st.stm32cube.ide.mcu.externaltools.gnu-tools-for-stm32.7-2018-q2-update.win32_1.0.0.201904181610/tools/bin/../lib/gcc/arm-none-eabi/7.3.1/thumb/v7e-m/fpv4-sp/hard\libgcc.a(_udivmoddi4.o)
                0x00000000080085d0                __exidx_end = .
                0x00000000080085d0                . = ALIGN (0x4)

.rel.dyn        0x00000000080085d0        0x0
 .rel.iplt      0x00000000080085d0        0x0 c:/st/stm32cubeide_1.2.0/stm32cubeide/plugins/com.st.stm32cube.ide.mcu.externaltools.gnu-tools-for-stm32.7-2018-q2-update.win32_1.0.0.201904181610/tools/bin/../lib/gcc/arm-none-eabi/7.3.1/thumb/v7e-m/fpv4-sp/hard/crtbegin.o

.preinit_array  0x00000000080085d0        0x0
                0x00000000080085d0                . = ALIGN (0x4)
                0x00000000080085d0                PROVIDE (__preinit_array_start = .)
 *(.preinit_array*)
                0x00000000080085d0                PROVIDE (__preinit_array_end = .)
                0x00000000080085d0                . = ALIGN (0x4)

.init_array     0x00000000080085d0        0x4
                0x00000000080085d0                . = ALIGN (0x4)
                0x00000000080085d0                PROVIDE (__init_array_start = .)
 *(SORT_BY_NAME(.init_array.*))
 *(.init_array*)
 .init_array    0x00000000080085d0        0x4 c:/st/stm32cubeide_1.2.0/stm32cubeide/plugins/com.st.stm32cube.ide.mcu.externaltools.gnu-tools-for-stm32.7-2018-q2-update.win32_1.0.0.201904181610/tools/bin/../lib/gcc/arm-none-eabi/7.3.1/thumb/v7e-m/fpv4-sp/hard/crtbegin.o
                0x00000000080085d4                PROVIDE (__init_array_end = .)
                0x00000000080085d4                . = ALIGN (0x4)

.fini_array     0x00000000080085d4        0x4
                0x00000000080085d4                . = ALIGN (0x4)
                [!provide]                        PROVIDE (__fini_array_start = .)
 *(SORT_BY_NAME(.fini_array.*))
 *(.fini_array*)
 .fini_array    0x00000000080085d4        0x4 c:/st/stm32cubeide_1.2.0/stm32cubeide/plugins/com.st.stm32cube.ide.mcu.externaltools.gnu-tools-for-stm32.7-2018-q2-update.win32_1.0.0.201904181610/tools/bin/../lib/gcc/arm-none-eabi/7.3.1/thumb/v7e-m/fpv4-sp/hard/crtbegin.o
                [!provide]                        PROVIDE (__fini_array_end = .)
                0x00000000080085d8                . = ALIGN (0x4)
                0x00000000080085d8                _sidata = LOADADDR (.data)

.data           0x0000000020000000      0x1f4 load address 0x00000000080085d8
                0x0000000020000000                . = ALIGN (0x4)
                0x0000000020000000                _sdata = .
 *(.data)
 *(.data*)
 .data.SystemCoreClock
                0x0000000020000000        0x4 Core/Src/system_stm32f4xx.o
                0x0000000020000000                SystemCoreClock
 .data.uwTickPrio
                0x0000000020000004        0x4 Drivers/STM32F4xx_HAL_Driver/Src/stm32f4xx_hal.o
                0x0000000020000004                uwTickPrio
 .data.uwTickFreq
                0x0000000020000008        0x1 Drivers/STM32F4xx_HAL_Driver/Src/stm32f4xx_hal.o
                0x0000000020000008                uwTickFreq
 .data.Stat     0x0000000020000009        0x1 FATFS/Target/user_diskio.o
 *fill*         0x000000002000000a        0x2 
 .data.USER_Driver
                0x000000002000000c       0x14 FATFS/Target/user_diskio.o
                0x000000002000000c                USER_Driver
 .data.USBD_CDC_DeviceQualifierDesc
                0x0000000020000020        0xa Middlewares/ST/STM32_USB_Device_Library/Class/CDC/Src/usbd_cdc.o
 *fill*         0x000000002000002a        0x2 
 .data.USBD_CDC
                0x000000002000002c       0x38 Middlewares/ST/STM32_USB_Device_Library/Class/CDC/Src/usbd_cdc.o
                0x000000002000002c                USBD_CDC
 .data.USBD_CDC_CfgHSDesc
                0x0000000020000064       0x43 Middlewares/ST/STM32_USB_Device_Library/Class/CDC/Src/usbd_cdc.o
                0x0000000020000064                USBD_CDC_CfgHSDesc
 *fill*         0x00000000200000a7        0x1 
 .data.USBD_CDC_CfgFSDesc
                0x00000000200000a8       0x43 Middlewares/ST/STM32_USB_Device_Library/Class/CDC/Src/usbd_cdc.o
                0x00000000200000a8                USBD_CDC_CfgFSDesc
 *fill*         0x00000000200000eb        0x1 
 .data.USBD_CDC_OtherSpeedCfgDesc
                0x00000000200000ec       0x43 Middlewares/ST/STM32_USB_Device_Library/Class/CDC/Src/usbd_cdc.o
                0x00000000200000ec                USBD_CDC_OtherSpeedCfgDesc
 *fill*         0x000000002000012f        0x1 
 .data.USBD_Interface_fops_FS
                0x0000000020000130       0x10 USB_DEVICE/App/usbd_cdc_if.o
                0x0000000020000130                USBD_Interface_fops_FS
 .data.FS_Desc  0x0000000020000140       0x1c USB_DEVICE/App/usbd_desc.o
                0x0000000020000140                FS_Desc
 .data.USBD_FS_DeviceDesc
                0x000000002000015c       0x12 USB_DEVICE/App/usbd_desc.o
                0x000000002000015c                USBD_FS_DeviceDesc
 *fill*         0x000000002000016e        0x2 
 .data.USBD_LangIDDesc
                0x0000000020000170        0x4 USB_DEVICE/App/usbd_desc.o
                0x0000000020000170                USBD_LangIDDesc
 .data.USBD_StringSerial
                0x0000000020000174       0x1a USB_DEVICE/App/usbd_desc.o
                0x0000000020000174                USBD_StringSerial
 *fill*         0x000000002000018e        0x2 
 .data._impure_ptr
                0x0000000020000190        0x4 c:/st/stm32cubeide_1.2.0/stm32cubeide/plugins/com.st.stm32cube.ide.mcu.externaltools.gnu-tools-for-stm32.7-2018-q2-update.win32_1.0.0.201904181610/tools/bin/../lib/gcc/arm-none-eabi/7.3.1/../../../../arm-none-eabi/lib/thumb/v7e-m/fpv4-sp/hard\libc_nano.a(lib_a-impure.o)
                0x0000000020000190                _impure_ptr
 .data.impure_data
                0x0000000020000194       0x60 c:/st/stm32cubeide_1.2.0/stm32cubeide/plugins/com.st.stm32cube.ide.mcu.externaltools.gnu-tools-for-stm32.7-2018-q2-update.win32_1.0.0.201904181610/tools/bin/../lib/gcc/arm-none-eabi/7.3.1/../../../../arm-none-eabi/lib/thumb/v7e-m/fpv4-sp/hard\libc_nano.a(lib_a-impure.o)
                0x00000000200001f4                . = ALIGN (0x4)
                0x00000000200001f4                _edata = .

.igot.plt       0x00000000200001f4        0x0 load address 0x00000000080087cc
 .igot.plt      0x00000000200001f4        0x0 c:/st/stm32cubeide_1.2.0/stm32cubeide/plugins/com.st.stm32cube.ide.mcu.externaltools.gnu-tools-for-stm32.7-2018-q2-update.win32_1.0.0.201904181610/tools/bin/../lib/gcc/arm-none-eabi/7.3.1/thumb/v7e-m/fpv4-sp/hard/crtbegin.o
                0x00000000200001f4                . = ALIGN (0x4)

.bss            0x00000000200001f4     0x3ab8 load address 0x00000000080087cc
                0x00000000200001f4                _sbss = .
                0x00000000200001f4                __bss_start__ = _sbss
 *(.bss)
 .bss           0x00000000200001f4       0x1c c:/st/stm32cubeide_1.2.0/stm32cubeide/plugins/com.st.stm32cube.ide.mcu.externaltools.gnu-tools-for-stm32.7-2018-q2-update.win32_1.0.0.201904181610/tools/bin/../lib/gcc/arm-none-eabi/7.3.1/thumb/v7e-m/fpv4-sp/hard/crtbegin.o
 *(.bss*)
 .bss.heap_end.6424
                0x0000000020000210        0x4 Core/Src/sysmem.o
 .bss.cfgidx.10490
                0x0000000020000214        0x1 Middlewares/ST/STM32_USB_Device_Library/Core/Src/usbd_ctlreq.o
 *fill*         0x0000000020000215        0x3 
 .bss.disk      0x0000000020000218        0xc Middlewares/Third_Party/FatFs/src/ff_gen_drv.o
                0x0000000020000218                disk
 .bss.__malloc_free_list
                0x0000000020000224        0x4 c:/st/stm32cubeide_1.2.0/stm32cubeide/plugins/com.st.stm32cube.ide.mcu.externaltools.gnu-tools-for-stm32.7-2018-q2-update.win32_1.0.0.201904181610/tools/bin/../lib/gcc/arm-none-eabi/7.3.1/../../../../arm-none-eabi/lib/thumb/v7e-m/fpv4-sp/hard\libc_nano.a(lib_a-nano-mallocr.o)
                0x0000000020000224                __malloc_free_list
 .bss.__malloc_sbrk_start
                0x0000000020000228        0x4 c:/st/stm32cubeide_1.2.0/stm32cubeide/plugins/com.st.stm32cube.ide.mcu.externaltools.gnu-tools-for-stm32.7-2018-q2-update.win32_1.0.0.201904181610/tools/bin/../lib/gcc/arm-none-eabi/7.3.1/../../../../arm-none-eabi/lib/thumb/v7e-m/fpv4-sp/hard\libc_nano.a(lib_a-nano-mallocr.o)
                0x0000000020000228                __malloc_sbrk_start
 *(COMMON)
 COMMON         0x000000002000022c      0x164 Core/Src/main.o
                0x000000002000022c                hi2c1
                0x0000000020000280                chrono
                0x00000000200002f8                hspi1
                0x0000000020000350                htim2
 COMMON         0x0000000020000390        0x4 Drivers/STM32F4xx_HAL_Driver/Src/stm32f4xx_hal.o
                0x0000000020000390                uwTick
 COMMON         0x0000000020000394     0x2070 FATFS/App/fatfs.o
                0x0000000020000394                USERPath
                0x0000000020000398                retUSER
                0x000000002000039c                USERFile
                0x00000000200013cc                USERFatFS
 COMMON         0x0000000020002404      0x29c USB_DEVICE/App/usb_device.o
                0x0000000020002404                hUsbDeviceFS
 COMMON         0x00000000200026a0     0x1000 USB_DEVICE/App/usbd_cdc_if.o
                0x00000000200026a0                UserRxBufferFS
                0x0000000020002ea0                UserTxBufferFS
 COMMON         0x00000000200036a0      0x200 USB_DEVICE/App/usbd_desc.o
                0x00000000200036a0                USBD_StrDesc
 COMMON         0x00000000200038a0      0x408 USB_DEVICE/Target/usbd_conf.o
                0x00000000200038a0                hpcd_USB_OTG_FS
 COMMON         0x0000000020003ca8        0x4 c:/st/stm32cubeide_1.2.0/stm32cubeide/plugins/com.st.stm32cube.ide.mcu.externaltools.gnu-tools-for-stm32.7-2018-q2-update.win32_1.0.0.201904181610/tools/bin/../lib/gcc/arm-none-eabi/7.3.1/../../../../arm-none-eabi/lib/thumb/v7e-m/fpv4-sp/hard\libc_nano.a(lib_a-reent.o)
                0x0000000020003ca8                errno
                0x0000000020003cac                . = ALIGN (0x4)
                0x0000000020003cac                _ebss = .
                0x0000000020003cac                __bss_end__ = _ebss

._user_heap_stack
                0x0000000020003cac      0x604 load address 0x00000000080087cc
                0x0000000020003cb0                . = ALIGN (0x8)
 *fill*         0x0000000020003cac        0x4 
                0x0000000020003cb0                PROVIDE (end = .)
                [!provide]                        PROVIDE (_end = .)
                0x0000000020003eb0                . = (. + _Min_Heap_Size)
 *fill*         0x0000000020003cb0      0x200 
                0x00000000200042b0                . = (. + _Min_Stack_Size)
 *fill*         0x0000000020003eb0      0x400 
                0x00000000200042b0                . = ALIGN (0x8)

/DISCARD/
 libc.a(*)
 libm.a(*)
 libgcc.a(*)

.ARM.attributes
                0x0000000000000000       0x30
 *(.ARM.attributes)
 .ARM.attributes
                0x0000000000000000       0x22 c:/st/stm32cubeide_1.2.0/stm32cubeide/plugins/com.st.stm32cube.ide.mcu.externaltools.gnu-tools-for-stm32.7-2018-q2-update.win32_1.0.0.201904181610/tools/bin/../lib/gcc/arm-none-eabi/7.3.1/thumb/v7e-m/fpv4-sp/hard/crti.o
 .ARM.attributes
                0x0000000000000022       0x34 c:/st/stm32cubeide_1.2.0/stm32cubeide/plugins/com.st.stm32cube.ide.mcu.externaltools.gnu-tools-for-stm32.7-2018-q2-update.win32_1.0.0.201904181610/tools/bin/../lib/gcc/arm-none-eabi/7.3.1/thumb/v7e-m/fpv4-sp/hard/crtbegin.o
 .ARM.attributes
                0x0000000000000056       0x39 Core/Src/chrono.o
 .ARM.attributes
                0x000000000000008f       0x39 Core/Src/i2c_display.o
 .ARM.attributes
                0x00000000000000c8       0x39 Core/Src/main.o
 .ARM.attributes
                0x0000000000000101       0x39 Core/Src/stm32f4xx_hal_msp.o
 .ARM.attributes
                0x000000000000013a       0x39 Core/Src/stm32f4xx_it.o
 .ARM.attributes
                0x0000000000000173       0x39 Core/Src/sysmem.o
 .ARM.attributes
                0x00000000000001ac       0x39 Core/Src/system_stm32f4xx.o
 .ARM.attributes
                0x00000000000001e5       0x21 Core/Startup/startup_stm32f405rgtx.o
 .ARM.attributes
                0x0000000000000206       0x39 Drivers/STM32F4xx_HAL_Driver/Src/stm32f4xx_hal.o
 .ARM.attributes
                0x000000000000023f       0x39 Drivers/STM32F4xx_HAL_Driver/Src/stm32f4xx_hal_cortex.o
 .ARM.attributes
                0x0000000000000278       0x39 Drivers/STM32F4xx_HAL_Driver/Src/stm32f4xx_hal_gpio.o
 .ARM.attributes
                0x00000000000002b1       0x39 Drivers/STM32F4xx_HAL_Driver/Src/stm32f4xx_hal_i2c.o
 .ARM.attributes
                0x00000000000002ea       0x39 Drivers/STM32F4xx_HAL_Driver/Src/stm32f4xx_hal_pcd.o
 .ARM.attributes
                0x0000000000000323       0x39 Drivers/STM32F4xx_HAL_Driver/Src/stm32f4xx_hal_pcd_ex.o
 .ARM.attributes
                0x000000000000035c       0x39 Drivers/STM32F4xx_HAL_Driver/Src/stm32f4xx_hal_rcc.o
 .ARM.attributes
                0x0000000000000395       0x39 Drivers/STM32F4xx_HAL_Driver/Src/stm32f4xx_hal_spi.o
 .ARM.attributes
                0x00000000000003ce       0x39 Drivers/STM32F4xx_HAL_Driver/Src/stm32f4xx_hal_tim.o
 .ARM.attributes
                0x0000000000000407       0x39 Drivers/STM32F4xx_HAL_Driver/Src/stm32f4xx_hal_tim_ex.o
 .ARM.attributes
                0x0000000000000440       0x39 Drivers/STM32F4xx_HAL_Driver/Src/stm32f4xx_ll_usb.o
 .ARM.attributes
                0x0000000000000479       0x39 FATFS/App/fatfs.o
 .ARM.attributes
                0x00000000000004b2       0x39 FATFS/Target/user_diskio.o
 .ARM.attributes
                0x00000000000004eb       0x39 Middlewares/ST/STM32_USB_Device_Library/Class/CDC/Src/usbd_cdc.o
 .ARM.attributes
                0x0000000000000524       0x39 Middlewares/ST/STM32_USB_Device_Library/Core/Src/usbd_core.o
 .ARM.attributes
                0x000000000000055d       0x39 Middlewares/ST/STM32_USB_Device_Library/Core/Src/usbd_ctlreq.o
 .ARM.attributes
                0x0000000000000596       0x39 Middlewares/ST/STM32_USB_Device_Library/Core/Src/usbd_ioreq.o
 .ARM.attributes
                0x00000000000005cf       0x39 Middlewares/Third_Party/FatFs/src/ff_gen_drv.o
 .ARM.attributes
                0x0000000000000608       0x39 USB_DEVICE/App/usb_device.o
 .ARM.attributes
                0x0000000000000641       0x39 USB_DEVICE/App/usbd_cdc_if.o
 .ARM.attributes
                0x000000000000067a       0x39 USB_DEVICE/App/usbd_desc.o
 .ARM.attributes
                0x00000000000006b3       0x39 USB_DEVICE/Target/usbd_conf.o
 .ARM.attributes
                0x00000000000006ec       0x34 c:/st/stm32cubeide_1.2.0/stm32cubeide/plugins/com.st.stm32cube.ide.mcu.externaltools.gnu-tools-for-stm32.7-2018-q2-update.win32_1.0.0.201904181610/tools/bin/../lib/gcc/arm-none-eabi/7.3.1/../../../../arm-none-eabi/lib/thumb/v7e-m/fpv4-sp/hard\libc_nano.a(lib_a-errno.o)
 .ARM.attributes
                0x0000000000000720       0x34 c:/st/stm32cubeide_1.2.0/stm32cubeide/plugins/com.st.stm32cube.ide.mcu.externaltools.gnu-tools-for-stm32.7-2018-q2-update.win32_1.0.0.201904181610/tools/bin/../lib/gcc/arm-none-eabi/7.3.1/../../../../arm-none-eabi/lib/thumb/v7e-m/fpv4-sp/hard\libc_nano.a(lib_a-impure.o)
 .ARM.attributes
                0x0000000000000754       0x34 c:/st/stm32cubeide_1.2.0/stm32cubeide/plugins/com.st.stm32cube.ide.mcu.externaltools.gnu-tools-for-stm32.7-2018-q2-update.win32_1.0.0.201904181610/tools/bin/../lib/gcc/arm-none-eabi/7.3.1/../../../../arm-none-eabi/lib/thumb/v7e-m/fpv4-sp/hard\libc_nano.a(lib_a-init.o)
 .ARM.attributes
                0x0000000000000788       0x34 c:/st/stm32cubeide_1.2.0/stm32cubeide/plugins/com.st.stm32cube.ide.mcu.externaltools.gnu-tools-for-stm32.7-2018-q2-update.win32_1.0.0.201904181610/tools/bin/../lib/gcc/arm-none-eabi/7.3.1/../../../../arm-none-eabi/lib/thumb/v7e-m/fpv4-sp/hard\libc_nano.a(lib_a-malloc.o)
 .ARM.attributes
                0x00000000000007bc       0x34 c:/st/stm32cubeide_1.2.0/stm32cubeide/plugins/com.st.stm32cube.ide.mcu.externaltools.gnu-tools-for-stm32.7-2018-q2-update.win32_1.0.0.201904181610/tools/bin/../lib/gcc/arm-none-eabi/7.3.1/../../../../arm-none-eabi/lib/thumb/v7e-m/fpv4-sp/hard\libc_nano.a(lib_a-memset.o)
 .ARM.attributes
                0x00000000000007f0       0x34 c:/st/stm32cubeide_1.2.0/stm32cubeide/plugins/com.st.stm32cube.ide.mcu.externaltools.gnu-tools-for-stm32.7-2018-q2-update.win32_1.0.0.201904181610/tools/bin/../lib/gcc/arm-none-eabi/7.3.1/../../../../arm-none-eabi/lib/thumb/v7e-m/fpv4-sp/hard\libc_nano.a(lib_a-nano-freer.o)
 .ARM.attributes
                0x0000000000000824       0x34 c:/st/stm32cubeide_1.2.0/stm32cubeide/plugins/com.st.stm32cube.ide.mcu.externaltools.gnu-tools-for-stm32.7-2018-q2-update.win32_1.0.0.201904181610/tools/bin/../lib/gcc/arm-none-eabi/7.3.1/../../../../arm-none-eabi/lib/thumb/v7e-m/fpv4-sp/hard\libc_nano.a(lib_a-nano-mallocr.o)
 .ARM.attributes
                0x0000000000000858       0x34 c:/st/stm32cubeide_1.2.0/stm32cubeide/plugins/com.st.stm32cube.ide.mcu.externaltools.gnu-tools-for-stm32.7-2018-q2-update.win32_1.0.0.201904181610/tools/bin/../lib/gcc/arm-none-eabi/7.3.1/../../../../arm-none-eabi/lib/thumb/v7e-m/fpv4-sp/hard\libc_nano.a(lib_a-sbrkr.o)
 .ARM.attributes
                0x000000000000088c       0x34 c:/st/stm32cubeide_1.2.0/stm32cubeide/plugins/com.st.stm32cube.ide.mcu.externaltools.gnu-tools-for-stm32.7-2018-q2-update.win32_1.0.0.201904181610/tools/bin/../lib/gcc/arm-none-eabi/7.3.1/../../../../arm-none-eabi/lib/thumb/v7e-m/fpv4-sp/hard\libc_nano.a(lib_a-strcat.o)
 .ARM.attributes
                0x00000000000008c0       0x34 c:/st/stm32cubeide_1.2.0/stm32cubeide/plugins/com.st.stm32cube.ide.mcu.externaltools.gnu-tools-for-stm32.7-2018-q2-update.win32_1.0.0.201904181610/tools/bin/../lib/gcc/arm-none-eabi/7.3.1/../../../../arm-none-eabi/lib/thumb/v7e-m/fpv4-sp/hard\libc_nano.a(lib_a-strcpy.o)
 .ARM.attributes
                0x00000000000008f4       0x1b c:/st/stm32cubeide_1.2.0/stm32cubeide/plugins/com.st.stm32cube.ide.mcu.externaltools.gnu-tools-for-stm32.7-2018-q2-update.win32_1.0.0.201904181610/tools/bin/../lib/gcc/arm-none-eabi/7.3.1/../../../../arm-none-eabi/lib/thumb/v7e-m/fpv4-sp/hard\libc_nano.a(lib_a-strlen.o)
 .ARM.attributes
                0x000000000000090f       0x34 c:/st/stm32cubeide_1.2.0/stm32cubeide/plugins/com.st.stm32cube.ide.mcu.externaltools.gnu-tools-for-stm32.7-2018-q2-update.win32_1.0.0.201904181610/tools/bin/../lib/gcc/arm-none-eabi/7.3.1/../../../../arm-none-eabi/lib/thumb/v7e-m/fpv4-sp/hard\libc_nano.a(lib_a-mlock.o)
 .ARM.attributes
                0x0000000000000943       0x34 c:/st/stm32cubeide_1.2.0/stm32cubeide/plugins/com.st.stm32cube.ide.mcu.externaltools.gnu-tools-for-stm32.7-2018-q2-update.win32_1.0.0.201904181610/tools/bin/../lib/gcc/arm-none-eabi/7.3.1/../../../../arm-none-eabi/lib/thumb/v7e-m/fpv4-sp/hard\libc_nano.a(lib_a-reent.o)
 .ARM.attributes
                0x0000000000000977       0x22 c:/st/stm32cubeide_1.2.0/stm32cubeide/plugins/com.st.stm32cube.ide.mcu.externaltools.gnu-tools-for-stm32.7-2018-q2-update.win32_1.0.0.201904181610/tools/bin/../lib/gcc/arm-none-eabi/7.3.1/thumb/v7e-m/fpv4-sp/hard\libgcc.a(_arm_addsubdf3.o)
 .ARM.attributes
                0x0000000000000999       0x22 c:/st/stm32cubeide_1.2.0/stm32cubeide/plugins/com.st.stm32cube.ide.mcu.externaltools.gnu-tools-for-stm32.7-2018-q2-update.win32_1.0.0.201904181610/tools/bin/../lib/gcc/arm-none-eabi/7.3.1/thumb/v7e-m/fpv4-sp/hard\libgcc.a(_arm_muldivdf3.o)
 .ARM.attributes
                0x00000000000009bb       0x22 c:/st/stm32cubeide_1.2.0/stm32cubeide/plugins/com.st.stm32cube.ide.mcu.externaltools.gnu-tools-for-stm32.7-2018-q2-update.win32_1.0.0.201904181610/tools/bin/../lib/gcc/arm-none-eabi/7.3.1/thumb/v7e-m/fpv4-sp/hard\libgcc.a(_arm_fixunsdfsi.o)
 .ARM.attributes
                0x00000000000009dd       0x22 c:/st/stm32cubeide_1.2.0/stm32cubeide/plugins/com.st.stm32cube.ide.mcu.externaltools.gnu-tools-for-stm32.7-2018-q2-update.win32_1.0.0.201904181610/tools/bin/../lib/gcc/arm-none-eabi/7.3.1/thumb/v7e-m/fpv4-sp/hard\libgcc.a(_aeabi_uldivmod.o)
 .ARM.attributes
                0x00000000000009ff       0x34 c:/st/stm32cubeide_1.2.0/stm32cubeide/plugins/com.st.stm32cube.ide.mcu.externaltools.gnu-tools-for-stm32.7-2018-q2-update.win32_1.0.0.201904181610/tools/bin/../lib/gcc/arm-none-eabi/7.3.1/thumb/v7e-m/fpv4-sp/hard\libgcc.a(_udivmoddi4.o)
 .ARM.attributes
                0x0000000000000a33       0x22 c:/st/stm32cubeide_1.2.0/stm32cubeide/plugins/com.st.stm32cube.ide.mcu.externaltools.gnu-tools-for-stm32.7-2018-q2-update.win32_1.0.0.201904181610/tools/bin/../lib/gcc/arm-none-eabi/7.3.1/thumb/v7e-m/fpv4-sp/hard\libgcc.a(_dvmd_tls.o)
 .ARM.attributes
                0x0000000000000a55       0x22 c:/st/stm32cubeide_1.2.0/stm32cubeide/plugins/com.st.stm32cube.ide.mcu.externaltools.gnu-tools-for-stm32.7-2018-q2-update.win32_1.0.0.201904181610/tools/bin/../lib/gcc/arm-none-eabi/7.3.1/thumb/v7e-m/fpv4-sp/hard/crtn.o
OUTPUT(Chrono.elf elf32-littlearm)

.debug_info     0x0000000000000000    0x1e043
 .debug_info    0x0000000000000000      0xcd0 Core/Src/chrono.o
 .debug_info    0x0000000000000cd0      0x7b6 Core/Src/i2c_display.o
 .debug_info    0x0000000000001486     0x1fef Core/Src/main.o
 .debug_info    0x0000000000003475      0xf94 Core/Src/stm32f4xx_hal_msp.o
 .debug_info    0x0000000000004409      0x8ca Core/Src/stm32f4xx_it.o
 .debug_info    0x0000000000004cd3      0x91c Core/Src/sysmem.o
 .debug_info    0x00000000000055ef      0x554 Core/Src/system_stm32f4xx.o
 .debug_info    0x0000000000005b43       0x22 Core/Startup/startup_stm32f405rgtx.o
 .debug_info    0x0000000000005b65      0x933 Drivers/STM32F4xx_HAL_Driver/Src/stm32f4xx_hal.o
 .debug_info    0x0000000000006498      0xe16 Drivers/STM32F4xx_HAL_Driver/Src/stm32f4xx_hal_cortex.o
 .debug_info    0x00000000000072ae      0x7b5 Drivers/STM32F4xx_HAL_Driver/Src/stm32f4xx_hal_gpio.o
 .debug_info    0x0000000000007a63     0x23b5 Drivers/STM32F4xx_HAL_Driver/Src/stm32f4xx_hal_i2c.o
 .debug_info    0x0000000000009e18     0x1114 Drivers/STM32F4xx_HAL_Driver/Src/stm32f4xx_hal_pcd.o
 .debug_info    0x000000000000af2c      0x753 Drivers/STM32F4xx_HAL_Driver/Src/stm32f4xx_hal_pcd_ex.o
 .debug_info    0x000000000000b67f      0x904 Drivers/STM32F4xx_HAL_Driver/Src/stm32f4xx_hal_rcc.o
 .debug_info    0x000000000000bf83     0x163a Drivers/STM32F4xx_HAL_Driver/Src/stm32f4xx_hal_spi.o
 .debug_info    0x000000000000d5bd     0x24a9 Drivers/STM32F4xx_HAL_Driver/Src/stm32f4xx_hal_tim.o
 .debug_info    0x000000000000fa66     0x1157 Drivers/STM32F4xx_HAL_Driver/Src/stm32f4xx_hal_tim_ex.o
 .debug_info    0x0000000000010bbd     0x18dd Drivers/STM32F4xx_HAL_Driver/Src/stm32f4xx_ll_usb.o
 .debug_info    0x000000000001249a      0xdaa FATFS/App/fatfs.o
 .debug_info    0x0000000000013244      0xc37 FATFS/Target/user_diskio.o
 .debug_info    0x0000000000013e7b     0x1785 Middlewares/ST/STM32_USB_Device_Library/Class/CDC/Src/usbd_cdc.o
 .debug_info    0x0000000000015600     0x11d2 Middlewares/ST/STM32_USB_Device_Library/Core/Src/usbd_core.o
 .debug_info    0x00000000000167d2     0x1133 Middlewares/ST/STM32_USB_Device_Library/Core/Src/usbd_ctlreq.o
 .debug_info    0x0000000000017905      0xf33 Middlewares/ST/STM32_USB_Device_Library/Core/Src/usbd_ioreq.o
 .debug_info    0x0000000000018838      0xc74 Middlewares/Third_Party/FatFs/src/ff_gen_drv.o
 .debug_info    0x00000000000194ac      0xe7b USB_DEVICE/App/usb_device.o
 .debug_info    0x000000000001a327     0x1036 USB_DEVICE/App/usbd_cdc_if.o
 .debug_info    0x000000000001b35d      0xd20 USB_DEVICE/App/usbd_desc.o
 .debug_info    0x000000000001c07d     0x1fc6 USB_DEVICE/Target/usbd_conf.o

.debug_abbrev   0x0000000000000000     0x3e40
 .debug_abbrev  0x0000000000000000      0x25e Core/Src/chrono.o
 .debug_abbrev  0x000000000000025e      0x1a8 Core/Src/i2c_display.o
 .debug_abbrev  0x0000000000000406      0x29c Core/Src/main.o
 .debug_abbrev  0x00000000000006a2      0x1b7 Core/Src/stm32f4xx_hal_msp.o
 .debug_abbrev  0x0000000000000859      0x198 Core/Src/stm32f4xx_it.o
 .debug_abbrev  0x00000000000009f1      0x1bb Core/Src/sysmem.o
 .debug_abbrev  0x0000000000000bac      0x12b Core/Src/system_stm32f4xx.o
 .debug_abbrev  0x0000000000000cd7       0x12 Core/Startup/startup_stm32f405rgtx.o
 .debug_abbrev  0x0000000000000ce9      0x1c7 Drivers/STM32F4xx_HAL_Driver/Src/stm32f4xx_hal.o
 .debug_abbrev  0x0000000000000eb0      0x2fa Drivers/STM32F4xx_HAL_Driver/Src/stm32f4xx_hal_cortex.o
 .debug_abbrev  0x00000000000011aa      0x1c9 Drivers/STM32F4xx_HAL_Driver/Src/stm32f4xx_hal_gpio.o
 .debug_abbrev  0x0000000000001373      0x254 Drivers/STM32F4xx_HAL_Driver/Src/stm32f4xx_hal_i2c.o
 .debug_abbrev  0x00000000000015c7      0x266 Drivers/STM32F4xx_HAL_Driver/Src/stm32f4xx_hal_pcd.o
 .debug_abbrev  0x000000000000182d      0x1cf Drivers/STM32F4xx_HAL_Driver/Src/stm32f4xx_hal_pcd_ex.o
 .debug_abbrev  0x00000000000019fc      0x245 Drivers/STM32F4xx_HAL_Driver/Src/stm32f4xx_hal_rcc.o
 .debug_abbrev  0x0000000000001c41      0x240 Drivers/STM32F4xx_HAL_Driver/Src/stm32f4xx_hal_spi.o
 .debug_abbrev  0x0000000000001e81      0x230 Drivers/STM32F4xx_HAL_Driver/Src/stm32f4xx_hal_tim.o
 .debug_abbrev  0x00000000000020b1      0x21e Drivers/STM32F4xx_HAL_Driver/Src/stm32f4xx_hal_tim_ex.o
 .debug_abbrev  0x00000000000022cf      0x26d Drivers/STM32F4xx_HAL_Driver/Src/stm32f4xx_ll_usb.o
 .debug_abbrev  0x000000000000253c      0x1df FATFS/App/fatfs.o
 .debug_abbrev  0x000000000000271b      0x200 FATFS/Target/user_diskio.o
 .debug_abbrev  0x000000000000291b      0x2b6 Middlewares/ST/STM32_USB_Device_Library/Class/CDC/Src/usbd_cdc.o
 .debug_abbrev  0x0000000000002bd1      0x270 Middlewares/ST/STM32_USB_Device_Library/Core/Src/usbd_core.o
 .debug_abbrev  0x0000000000002e41      0x2a0 Middlewares/ST/STM32_USB_Device_Library/Core/Src/usbd_ctlreq.o
 .debug_abbrev  0x00000000000030e1      0x1e0 Middlewares/ST/STM32_USB_Device_Library/Core/Src/usbd_ioreq.o
 .debug_abbrev  0x00000000000032c1      0x236 Middlewares/Third_Party/FatFs/src/ff_gen_drv.o
 .debug_abbrev  0x00000000000034f7      0x1be USB_DEVICE/App/usb_device.o
 .debug_abbrev  0x00000000000036b5      0x285 USB_DEVICE/App/usbd_cdc_if.o
 .debug_abbrev  0x000000000000393a      0x265 USB_DEVICE/App/usbd_desc.o
 .debug_abbrev  0x0000000000003b9f      0x2a1 USB_DEVICE/Target/usbd_conf.o

.debug_aranges  0x0000000000000000     0x1610
 .debug_aranges
                0x0000000000000000       0x68 Core/Src/chrono.o
 .debug_aranges
                0x0000000000000068       0x48 Core/Src/i2c_display.o
 .debug_aranges
                0x00000000000000b0       0x50 Core/Src/main.o
 .debug_aranges
                0x0000000000000100       0x50 Core/Src/stm32f4xx_hal_msp.o
 .debug_aranges
                0x0000000000000150       0x80 Core/Src/stm32f4xx_it.o
 .debug_aranges
                0x00000000000001d0       0x20 Core/Src/sysmem.o
 .debug_aranges
                0x00000000000001f0       0x28 Core/Src/system_stm32f4xx.o
 .debug_aranges
                0x0000000000000218       0x28 Core/Startup/startup_stm32f405rgtx.o
 .debug_aranges
                0x0000000000000240       0xf0 Drivers/STM32F4xx_HAL_Driver/Src/stm32f4xx_hal.o
 .debug_aranges
                0x0000000000000330      0x118 Drivers/STM32F4xx_HAL_Driver/Src/stm32f4xx_hal_cortex.o
 .debug_aranges
                0x0000000000000448       0x58 Drivers/STM32F4xx_HAL_Driver/Src/stm32f4xx_hal_gpio.o
 .debug_aranges
                0x00000000000004a0      0x298 Drivers/STM32F4xx_HAL_Driver/Src/stm32f4xx_hal_i2c.o
 .debug_aranges
                0x0000000000000738      0x130 Drivers/STM32F4xx_HAL_Driver/Src/stm32f4xx_hal_pcd.o
 .debug_aranges
                0x0000000000000868       0x38 Drivers/STM32F4xx_HAL_Driver/Src/stm32f4xx_hal_pcd_ex.o
 .debug_aranges
                0x00000000000008a0       0x88 Drivers/STM32F4xx_HAL_Driver/Src/stm32f4xx_hal_rcc.o
 .debug_aranges
                0x0000000000000928      0x1d0 Drivers/STM32F4xx_HAL_Driver/Src/stm32f4xx_hal_spi.o
 .debug_aranges
                0x0000000000000af8      0x3a8 Drivers/STM32F4xx_HAL_Driver/Src/stm32f4xx_hal_tim.o
 .debug_aranges
                0x0000000000000ea0      0x150 Drivers/STM32F4xx_HAL_Driver/Src/stm32f4xx_hal_tim_ex.o
 .debug_aranges
                0x0000000000000ff0      0x198 Drivers/STM32F4xx_HAL_Driver/Src/stm32f4xx_ll_usb.o
 .debug_aranges
                0x0000000000001188       0x28 FATFS/App/fatfs.o
 .debug_aranges
                0x00000000000011b0       0x40 FATFS/Target/user_diskio.o
 .debug_aranges
                0x00000000000011f0       0x90 Middlewares/ST/STM32_USB_Device_Library/Class/CDC/Src/usbd_cdc.o
 .debug_aranges
                0x0000000000001280       0xb8 Middlewares/ST/STM32_USB_Device_Library/Core/Src/usbd_core.o
 .debug_aranges
                0x0000000000001338       0x88 Middlewares/ST/STM32_USB_Device_Library/Core/Src/usbd_ctlreq.o
 .debug_aranges
                0x00000000000013c0       0x50 Middlewares/ST/STM32_USB_Device_Library/Core/Src/usbd_ioreq.o
 .debug_aranges
                0x0000000000001410       0x40 Middlewares/Third_Party/FatFs/src/ff_gen_drv.o
 .debug_aranges
                0x0000000000001450       0x20 USB_DEVICE/App/usb_device.o
 .debug_aranges
                0x0000000000001470       0x40 USB_DEVICE/App/usbd_cdc_if.o
 .debug_aranges
                0x00000000000014b0       0x60 USB_DEVICE/App/usbd_desc.o
 .debug_aranges
                0x0000000000001510      0x100 USB_DEVICE/Target/usbd_conf.o

.debug_ranges   0x0000000000000000     0x1458
 .debug_ranges  0x0000000000000000       0x58 Core/Src/chrono.o
 .debug_ranges  0x0000000000000058       0x38 Core/Src/i2c_display.o
 .debug_ranges  0x0000000000000090       0x40 Core/Src/main.o
 .debug_ranges  0x00000000000000d0       0x40 Core/Src/stm32f4xx_hal_msp.o
 .debug_ranges  0x0000000000000110       0x70 Core/Src/stm32f4xx_it.o
 .debug_ranges  0x0000000000000180       0x10 Core/Src/sysmem.o
 .debug_ranges  0x0000000000000190       0x18 Core/Src/system_stm32f4xx.o
 .debug_ranges  0x00000000000001a8       0x20 Core/Startup/startup_stm32f405rgtx.o
 .debug_ranges  0x00000000000001c8       0xe0 Drivers/STM32F4xx_HAL_Driver/Src/stm32f4xx_hal.o
 .debug_ranges  0x00000000000002a8      0x108 Drivers/STM32F4xx_HAL_Driver/Src/stm32f4xx_hal_cortex.o